Archive member included to satisfy reference by file (symbol)

./libopencm3//lib/libopencm3_stm32f1.a(can.o)
                              src/can.o (can_reset)
./libopencm3//lib/libopencm3_stm32f1.a(gpio.o)
                              src/uart.o (gpio_set_mode)
./libopencm3//lib/libopencm3_stm32f1.a(gpio_common_all.o)
                              src/main.o (gpio_set)
./libopencm3//lib/libopencm3_stm32f1.a(rcc.o)
                              src/main.o (rcc_clock_setup_pll)
./libopencm3//lib/libopencm3_stm32f1.a(rcc_common_all.o)
                              src/uart.o (rcc_periph_clock_enable)
./libopencm3//lib/libopencm3_stm32f1.a(usart_common_all.o)
                              src/uart.o (usart_set_baudrate)
./libopencm3//lib/libopencm3_stm32f1.a(usart_common_f124.o)
                              src/uart.o (usart_send)
./libopencm3//lib/libopencm3_stm32f1.a(vector.o)
                              (reset_handler)
./libopencm3//lib/libopencm3_stm32f1.a(nvic.o)
                              src/uart.o (nvic_enable_irq)
./libopencm3//lib/libopencm3_stm32f1.a(assert.o)
                              ./libopencm3//lib/libopencm3_stm32f1.a(rcc.o) (cm3_assert_failed)
./libopencm3//lib/libopencm3_stm32f1.a(flash_common_all.o)
                              ./libopencm3//lib/libopencm3_stm32f1.a(rcc.o) (flash_set_ws)
/usr/lib/gcc/arm-none-eabi/10.3.1/../../../arm-none-eabi/lib/thumb/v6-m/nofp/libc_nano.a(lib_a-memcpy-stub.o)
                              src/can.o (memcpy)
/usr/lib/gcc/arm-none-eabi/10.3.1/thumb/v6-m/nofp/libgcc.a(_thumb1_case_uhi.o)
                              ./printf/printf.o (__gnu_thumb1_case_uhi)
/usr/lib/gcc/arm-none-eabi/10.3.1/thumb/v6-m/nofp/libgcc.a(_udivsi3.o)
                              ./printf/printf.o (__aeabi_uidivmod)
/usr/lib/gcc/arm-none-eabi/10.3.1/thumb/v6-m/nofp/libgcc.a(_dvmd_tls.o)
                              /usr/lib/gcc/arm-none-eabi/10.3.1/thumb/v6-m/nofp/libgcc.a(_udivsi3.o) (__aeabi_idiv0)
/usr/lib/gcc/arm-none-eabi/10.3.1/thumb/v6-m/nofp/libgcc.a(_aeabi_uldivmod.o)
                              ./printf/printf.o (__aeabi_uldivmod)
/usr/lib/gcc/arm-none-eabi/10.3.1/thumb/v6-m/nofp/libgcc.a(_udivmoddi4.o)
                              /usr/lib/gcc/arm-none-eabi/10.3.1/thumb/v6-m/nofp/libgcc.a(_aeabi_uldivmod.o) (__udivmoddi4)
/usr/lib/gcc/arm-none-eabi/10.3.1/thumb/v6-m/nofp/libgcc.a(_clzdi2.o)
                              /usr/lib/gcc/arm-none-eabi/10.3.1/thumb/v6-m/nofp/libgcc.a(_udivmoddi4.o) (__clzdi2)
/usr/lib/gcc/arm-none-eabi/10.3.1/thumb/v6-m/nofp/libgcc.a(_clzsi2.o)
                              /usr/lib/gcc/arm-none-eabi/10.3.1/thumb/v6-m/nofp/libgcc.a(_clzdi2.o) (__clzsi2)

Discarded input sections

 .group         0x0000000000000000        0xc src/uart.o
 .group         0x0000000000000000        0xc src/uart.o
 .group         0x0000000000000000        0xc src/uart.o
 .group         0x0000000000000000        0xc src/uart.o
 .group         0x0000000000000000        0xc src/uart.o
 .group         0x0000000000000000        0xc src/uart.o
 .group         0x0000000000000000        0xc src/uart.o
 .group         0x0000000000000000        0xc src/uart.o
 .group         0x0000000000000000        0xc src/uart.o
 .group         0x0000000000000000        0xc src/uart.o
 .group         0x0000000000000000        0xc src/uart.o
 .group         0x0000000000000000        0xc src/uart.o
 .group         0x0000000000000000        0xc src/uart.o
 .group         0x0000000000000000        0xc src/uart.o
 .group         0x0000000000000000        0xc src/uart.o
 .group         0x0000000000000000        0xc src/uart.o
 .group         0x0000000000000000        0xc src/uart.o
 .group         0x0000000000000000        0xc src/uart.o
 .group         0x0000000000000000        0xc src/uart.o
 .group         0x0000000000000000        0xc src/uart.o
 .group         0x0000000000000000        0xc src/uart.o
 .group         0x0000000000000000        0xc src/uart.o
 .group         0x0000000000000000        0xc src/uart.o
 .group         0x0000000000000000        0xc src/uart.o
 .group         0x0000000000000000        0xc src/uart.o
 .group         0x0000000000000000        0xc src/uart.o
 .group         0x0000000000000000        0xc src/uart.o
 .group         0x0000000000000000        0xc src/uart.o
 .group         0x0000000000000000        0xc src/uart.o
 .group         0x0000000000000000        0xc src/uart.o
 .group         0x0000000000000000        0xc src/uart.o
 .group         0x0000000000000000        0xc src/uart.o
 .group         0x0000000000000000        0xc src/uart.o
 .group         0x0000000000000000        0xc src/uart.o
 .group         0x0000000000000000        0xc src/uart.o
 .group         0x0000000000000000        0xc src/uart.o
 .group         0x0000000000000000        0xc src/uart.o
 .group         0x0000000000000000        0xc src/uart.o
 .group         0x0000000000000000        0xc src/uart.o
 .group         0x0000000000000000        0xc src/uart.o
[...]
Memory Configuration

Name             Origin             Length             Attributes
rom              0x0000000008000000 0x0000000000008000 xr
ram              0x0000000020000000 0x0000000000002800 xrw
*default*        0x0000000000000000 0xffffffffffffffff

Linker script and memory map

LOAD src/uart.o
LOAD src/main.o
LOAD src/can.o
LOAD ./printf/printf.o
LOAD ./libopencm3//lib/libopencm3_stm32f1.a
START GROUP
LOAD /usr/lib/gcc/arm-none-eabi/10.3.1/../../../arm-none-eabi/lib/thumb/v6-m/nofp/libc_nano.a
LOAD /usr/lib/gcc/arm-none-eabi/10.3.1/thumb/v6-m/nofp/libgcc.a
LOAD /usr/lib/gcc/arm-none-eabi/10.3.1/../../../arm-none-eabi/lib/thumb/v6-m/nofp/libstdc++_nano.a
LOAD /usr/lib/gcc/arm-none-eabi/10.3.1/../../../arm-none-eabi/lib/thumb/v6-m/nofp/libnosys.a
END GROUP
LOAD /usr/lib/gcc/arm-none-eabi/10.3.1/../../../arm-none-eabi/lib/thumb/v6-m/nofp/libm.a
START GROUP
LOAD /usr/lib/gcc/arm-none-eabi/10.3.1/thumb/v6-m/nofp/libgcc.a
LOAD /usr/lib/gcc/arm-none-eabi/10.3.1/../../../arm-none-eabi/lib/thumb/v6-m/nofp/libg_nano.a
LOAD /usr/lib/gcc/arm-none-eabi/10.3.1/../../../arm-none-eabi/lib/thumb/v6-m/nofp/libc_nano.a
END GROUP
START GROUP
LOAD /usr/lib/gcc/arm-none-eabi/10.3.1/thumb/v6-m/nofp/libgcc.a
LOAD /usr/lib/gcc/arm-none-eabi/10.3.1/../../../arm-none-eabi/lib/thumb/v6-m/nofp/libc_nano.a
END GROUP

.text           0x0000000008000000     0x1c24
 *(.vectors)
 .vectors       0x0000000008000000      0x150 ./libopencm3//lib/libopencm3_stm32f1.a(vector.o)
                0x0000000008000000                vector_table
 *(.text*)
 .text._ZN5QueueIcLi256EE4pushEc.isra.0
                0x0000000008000150       0x2a src/uart.o
 *fill*         0x000000000800017a        0x2 
 .text._ZN4Uart4initEv
                0x000000000800017c       0x7c src/uart.o
                0x000000000800017c                Uart::init()
 .text._ZN4Uart3putEc
                0x00000000080001f8       0x1c src/uart.o
                0x00000000080001f8                Uart::put(char)
 .text._ZN4Uart3isrEv
                0x0000000008000214       0x68 src/uart.o
                0x0000000008000214                Uart::isr()
 .text._putchar
                0x000000000800027c       0x16 src/uart.o
                0x000000000800027c                _putchar
 .text.usart2_isr
                0x0000000008000292        0x8 src/uart.o
                0x0000000008000292                usart2_isr
 *fill*         0x000000000800029a        0x2 
 .text.startup._GLOBAL__sub_I__ZN4Uart4initEv
                0x000000000800029c       0x1c src/uart.o
 .text._Z4initv
                0x00000000080002b8       0x58 src/main.o
                0x00000000080002b8                init()
 .text._Z4loopv
                0x0000000008000310      0x114 src/main.o
                0x0000000008000310                loop()
 .text.startup.main
                0x0000000008000424        0xc src/main.o
                0x0000000008000424                main
 .text.startup._GLOBAL__sub_I_main
                0x0000000008000430       0x2c src/main.o
 .text._ZN3CAN4initEv
                0x000000000800045c       0xd4 src/can.o
                0x000000000800045c                CAN::init()
 .text._ZN3CAN8transmitERNS_5FrameE
                0x0000000008000530       0x3c src/can.o
                0x0000000008000530                CAN::transmit(CAN::Frame&)
 .text._ZN3CAN7receiveEh
                0x000000000800056c       0x9c src/can.o
                0x000000000800056c                CAN::receive(unsigned char)
 .text._ZN3CAN3isrEv
                0x0000000008000608       0x28 src/can.o
                0x0000000008000608                CAN::isr()
 .text._ZN3CAN3popERNS_5FrameE
                0x0000000008000630       0x64 src/can.o
                0x0000000008000630                CAN::pop(CAN::Frame&)
 .text.can_rx1_isr
                0x0000000008000694        0x8 src/can.o
                0x0000000008000694                can_rx1_isr
 .text.usb_lp_can_rx0_isr
                0x000000000800069c        0x8 src/can.o
                0x000000000800069c                usb_lp_can_rx0_isr
 .text.startup._GLOBAL__sub_I__ZN3CAN4initEv
                0x00000000080006a4       0x34 src/can.o
 .text._out_null
                0x00000000080006d8        0x2 ./printf/printf.o
 .text._ntoa_format
                0x00000000080006da      0x156 ./printf/printf.o
 .text._ntoa_long
                0x0000000008000830       0x94 ./printf/printf.o
 .text._ntoa_long_long
                0x00000000080008c4       0xbe ./printf/printf.o
 .text._out_char
                0x0000000008000982        0xc ./printf/printf.o
 *fill*         0x000000000800098e        0x2 
 .text._vsnprintf
                0x0000000008000990      0x4c4 ./printf/printf.o
 .text.printf_  0x0000000008000e54       0x24 ./printf/printf.o
                0x0000000008000e54                printf_
 .text.can_reset
                0x0000000008000e78       0x18 ./libopencm3//lib/libopencm3_stm32f1.a(can.o)
                0x0000000008000e78                can_reset
 .text.can_init
                0x0000000008000e90      0x12a ./libopencm3//lib/libopencm3_stm32f1.a(can.o)
                0x0000000008000e90                can_init
 *fill*         0x0000000008000fba        0x2 
 .text.can_filter_init
                0x0000000008000fbc       0x9c ./libopencm3//lib/libopencm3_stm32f1.a(can.o)
                0x0000000008000fbc                can_filter_init
 .text.can_filter_id_mask_16bit_init
                0x0000000008001058       0x20 ./libopencm3//lib/libopencm3_stm32f1.a(can.o)
                0x0000000008001058                can_filter_id_mask_16bit_init
 .text.can_enable_irq
                0x0000000008001078        0x8 ./libopencm3//lib/libopencm3_stm32f1.a(can.o)
                0x0000000008001078                can_enable_irq
 .text.can_transmit
                0x0000000008001080       0xca ./libopencm3//lib/libopencm3_stm32f1.a(can.o)
                0x0000000008001080                can_transmit
 .text.can_fifo_release
                0x000000000800114a       0x16 ./libopencm3//lib/libopencm3_stm32f1.a(can.o)
                0x000000000800114a                can_fifo_release
 .text.can_receive
                0x0000000008001160       0xae ./libopencm3//lib/libopencm3_stm32f1.a(can.o)
                0x0000000008001160                can_receive
 .text.gpio_set_mode
                0x000000000800120e       0x5e ./libopencm3//lib/libopencm3_stm32f1.a(gpio.o)
                0x000000000800120e                gpio_set_mode
 .text.gpio_primary_remap
                0x000000000800126c       0x14 ./libopencm3//lib/libopencm3_stm32f1.a(gpio.o)
                0x000000000800126c                gpio_primary_remap
 .text.gpio_set
                0x0000000008001280        0x4 ./libopencm3//lib/libopencm3_stm32f1.a(gpio_common_all.o)
                0x0000000008001280                gpio_set
 .text.gpio_clear
                0x0000000008001284        0x6 ./libopencm3//lib/libopencm3_stm32f1.a(gpio_common_all.o)
                0x0000000008001284                gpio_clear
 *fill*         0x000000000800128a        0x2 
 .text.rcc_is_osc_ready
                0x000000000800128c       0x58 ./libopencm3//lib/libopencm3_stm32f1.a(rcc.o)
                0x000000000800128c                rcc_is_osc_ready
 .text.rcc_wait_for_osc_ready
                0x00000000080012e4       0x10 ./libopencm3//lib/libopencm3_stm32f1.a(rcc.o)
                0x00000000080012e4                rcc_wait_for_osc_ready
 .text.rcc_osc_on
                0x00000000080012f4       0x60 ./libopencm3//lib/libopencm3_stm32f1.a(rcc.o)
                0x00000000080012f4                rcc_osc_on
 .text.rcc_set_sysclk_source
                0x0000000008001354       0x14 ./libopencm3//lib/libopencm3_stm32f1.a(rcc.o)
                0x0000000008001354                rcc_set_sysclk_source
 .text.rcc_set_pll_multiplication_factor
                0x0000000008001368       0x14 ./libopencm3//lib/libopencm3_stm32f1.a(rcc.o)
                0x0000000008001368                rcc_set_pll_multiplication_factor
 .text.rcc_set_pll2_multiplication_factor
                0x000000000800137c       0x14 ./libopencm3//lib/libopencm3_stm32f1.a(rcc.o)
                0x000000000800137c                rcc_set_pll2_multiplication_factor
 .text.rcc_set_pll3_multiplication_factor
                0x0000000008001390       0x14 ./libopencm3//lib/libopencm3_stm32f1.a(rcc.o)
                0x0000000008001390                rcc_set_pll3_multiplication_factor
 .text.rcc_set_pll_source
                0x00000000080013a4       0x14 ./libopencm3//lib/libopencm3_stm32f1.a(rcc.o)
                0x00000000080013a4                rcc_set_pll_source
 .text.rcc_set_pllxtpre
                0x00000000080013b8       0x14 ./libopencm3//lib/libopencm3_stm32f1.a(rcc.o)
                0x00000000080013b8                rcc_set_pllxtpre
 .text.rcc_set_adcpre
                0x00000000080013cc       0x14 ./libopencm3//lib/libopencm3_stm32f1.a(rcc.o)
                0x00000000080013cc                rcc_set_adcpre
 .text.rcc_set_ppre2
                0x00000000080013e0       0x14 ./libopencm3//lib/libopencm3_stm32f1.a(rcc.o)
                0x00000000080013e0                rcc_set_ppre2
 .text.rcc_set_ppre1
                0x00000000080013f4       0x14 ./libopencm3//lib/libopencm3_stm32f1.a(rcc.o)
                0x00000000080013f4                rcc_set_ppre1
 .text.rcc_set_hpre
                0x0000000008001408       0x14 ./libopencm3//lib/libopencm3_stm32f1.a(rcc.o)
                0x0000000008001408                rcc_set_hpre
 .text.rcc_set_usbpre
                0x000000000800141c       0x18 ./libopencm3//lib/libopencm3_stm32f1.a(rcc.o)
                0x000000000800141c                rcc_set_usbpre
 .text.rcc_set_prediv1
                0x0000000008001434       0x14 ./libopencm3//lib/libopencm3_stm32f1.a(rcc.o)
                0x0000000008001434                rcc_set_prediv1
 .text.rcc_set_prediv2
                0x0000000008001448       0x14 ./libopencm3//lib/libopencm3_stm32f1.a(rcc.o)
                0x0000000008001448                rcc_set_prediv2
 .text.rcc_set_prediv1_source
                0x000000000800145c       0x18 ./libopencm3//lib/libopencm3_stm32f1.a(rcc.o)
                0x000000000800145c                rcc_set_prediv1_source
 .text.rcc_clock_setup_pll
                0x0000000008001474       0xbc ./libopencm3//lib/libopencm3_stm32f1.a(rcc.o)
                0x0000000008001474                rcc_clock_setup_pll
 .text.rcc_periph_clock_enable
                0x0000000008001530       0x1c ./libopencm3//lib/libopencm3_stm32f1.a(rcc_common_all.o)
                0x0000000008001530                rcc_periph_clock_enable
 .text.rcc_periph_reset_pulse
                0x000000000800154c       0x24 ./libopencm3//lib/libopencm3_stm32f1.a(rcc_common_all.o)
                0x000000000800154c                rcc_periph_reset_pulse
 .text.usart_set_baudrate
                0x0000000008001570       0x28 ./libopencm3//lib/libopencm3_stm32f1.a(usart_common_all.o)
                0x0000000008001570                usart_set_baudrate
 .text.usart_set_databits
                0x0000000008001598       0x12 ./libopencm3//lib/libopencm3_stm32f1.a(usart_common_all.o)
                0x0000000008001598                usart_set_databits
 .text.usart_set_stopbits
                0x00000000080015aa        0xc ./libopencm3//lib/libopencm3_stm32f1.a(usart_common_all.o)
                0x00000000080015aa                usart_set_stopbits
 .text.usart_set_parity
                0x00000000080015b6        0xc ./libopencm3//lib/libopencm3_stm32f1.a(usart_common_all.o)
                0x00000000080015b6                usart_set_parity
 .text.usart_set_mode
                0x00000000080015c2        0xc ./libopencm3//lib/libopencm3_stm32f1.a(usart_common_all.o)
                0x00000000080015c2                usart_set_mode
 .text.usart_set_flow_control
                0x00000000080015ce        0xc ./libopencm3//lib/libopencm3_stm32f1.a(usart_common_all.o)
                0x00000000080015ce                usart_set_flow_control
 .text.usart_enable
                0x00000000080015da        0xa ./libopencm3//lib/libopencm3_stm32f1.a(usart_common_all.o)
                0x00000000080015da                usart_enable
 .text.usart_enable_rx_interrupt
                0x00000000080015e4        0xa ./libopencm3//lib/libopencm3_stm32f1.a(usart_common_all.o)
                0x00000000080015e4                usart_enable_rx_interrupt
 .text.usart_enable_tx_interrupt
                0x00000000080015ee        0xa ./libopencm3//lib/libopencm3_stm32f1.a(usart_common_all.o)
                0x00000000080015ee                usart_enable_tx_interrupt
 .text.usart_disable_tx_interrupt
                0x00000000080015f8        0xa ./libopencm3//lib/libopencm3_stm32f1.a(usart_common_all.o)
                0x00000000080015f8                usart_disable_tx_interrupt
 .text.usart_send
                0x0000000008001602        0x8 ./libopencm3//lib/libopencm3_stm32f1.a(usart_common_f124.o)
                0x0000000008001602                usart_send
 .text.usart_recv
                0x000000000800160a        0x8 ./libopencm3//lib/libopencm3_stm32f1.a(usart_common_f124.o)
                0x000000000800160a                usart_recv
 .text.usart_get_flag
                0x0000000008001612        0xc ./libopencm3//lib/libopencm3_stm32f1.a(usart_common_f124.o)
                0x0000000008001612                usart_get_flag
 .text.blocking_handler
                0x000000000800161e        0x2 ./libopencm3//lib/libopencm3_stm32f1.a(vector.o)
                0x000000000800161e                usart3_isr
                0x000000000800161e                rtc_isr
                0x000000000800161e                tim7_isr
                0x000000000800161e                adc1_2_isr
                0x000000000800161e                tim1_trg_com_isr
                0x000000000800161e                usb_hp_can_tx_isr
                0x000000000800161e                tim6_isr
                0x000000000800161e                usb_wakeup_isr
                0x000000000800161e                blocking_handler
                0x000000000800161e                tim5_isr
                0x000000000800161e                otg_fs_isr
                0x000000000800161e                spi1_isr
                0x000000000800161e                exti2_isr
                0x000000000800161e                dma1_channel6_isr
                0x000000000800161e                dma1_channel5_isr
                0x000000000800161e                dma2_channel5_isr
                0x000000000800161e                usart1_isr
                0x000000000800161e                usage_fault_handler
                0x000000000800161e                tim8_trg_com_isr
                0x000000000800161e                can2_rx0_isr
                0x000000000800161e                tim1_brk_isr
                0x000000000800161e                can2_rx1_isr
                0x000000000800161e                tim1_cc_isr
                0x000000000800161e                sdio_isr
                0x000000000800161e                eth_isr
                0x000000000800161e                dma1_channel4_isr
                0x000000000800161e                tim8_brk_isr
                0x000000000800161e                dma2_channel4_5_isr
                0x000000000800161e                pvd_isr
                0x000000000800161e                rcc_isr
                0x000000000800161e                flash_isr
                0x000000000800161e                uart4_isr
                0x000000000800161e                rtc_alarm_isr
                0x000000000800161e                exti15_10_isr
                0x000000000800161e                hard_fault_handler
                0x000000000800161e                exti1_isr
                0x000000000800161e                i2c1_ev_isr
                0x000000000800161e                dma2_channel1_isr
                0x000000000800161e                spi2_isr
                0x000000000800161e                tim8_up_isr
                0x000000000800161e                dma2_channel2_isr
                0x000000000800161e                exti3_isr
                0x000000000800161e                adc3_isr
                0x000000000800161e                tim3_isr
                0x000000000800161e                i2c2_er_isr
                0x000000000800161e                i2c2_ev_isr
                0x000000000800161e                uart5_isr
                0x000000000800161e                fsmc_isr
                0x000000000800161e                dma1_channel1_isr
                0x000000000800161e                exti4_isr
                0x000000000800161e                mem_manage_handler
                0x000000000800161e                can2_tx_isr
                0x000000000800161e                exti9_5_isr
                0x000000000800161e                dma2_channel3_isr
                0x000000000800161e                dma1_channel7_isr
                0x000000000800161e                tim1_up_isr
                0x000000000800161e                can2_sce_isr
                0x000000000800161e                tim4_isr
                0x000000000800161e                dma1_channel2_isr
                0x000000000800161e                i2c1_er_isr
                0x000000000800161e                can_sce_isr
                0x000000000800161e                tim8_cc_isr
                0x000000000800161e                tamper_isr
                0x000000000800161e                eth_wkup_isr
                0x000000000800161e                bus_fault_handler
                0x000000000800161e                wwdg_isr
                0x000000000800161e                dma1_channel3_isr
                0x000000000800161e                spi3_isr
                0x000000000800161e                tim2_isr
                0x000000000800161e                exti0_isr
 .text.null_handler
                0x0000000008001620        0x2 ./libopencm3//lib/libopencm3_stm32f1.a(vector.o)
                0x0000000008001620                null_handler
                0x0000000008001620                sv_call_handler
                0x0000000008001620                pend_sv_handler
                0x0000000008001620                debug_monitor_handler
                0x0000000008001620                sys_tick_handler
                0x0000000008001620                nmi_handler
 *fill*         0x0000000008001622        0x2 
 .text.reset_handler
                0x0000000008001624       0x94 ./libopencm3//lib/libopencm3_stm32f1.a(vector.o)
                0x0000000008001624                reset_handler
 .text.nvic_enable_irq
                0x00000000080016b8       0x1a ./libopencm3//lib/libopencm3_stm32f1.a(nvic.o)
                0x00000000080016b8                nvic_enable_irq
 *fill*         0x00000000080016d2        0x2 
 .text.nvic_set_priority
                0x00000000080016d4       0x20 ./libopencm3//lib/libopencm3_stm32f1.a(nvic.o)
                0x00000000080016d4                nvic_set_priority
 .text.flash_set_ws
                0x00000000080016f4       0x14 ./libopencm3//lib/libopencm3_stm32f1.a(flash_common_all.o)
                0x00000000080016f4                flash_set_ws
 .text          0x0000000008001708       0xa4 /usr/lib/gcc/arm-none-eabi/10.3.1/../../../arm-none-eabi/lib/thumb/v6-m/nofp/libc_nano.a(lib_a-memcpy-stub.o)
                0x0000000008001708                memcpy
 .text          0x00000000080017ac       0x14 /usr/lib/gcc/arm-none-eabi/10.3.1/thumb/v6-m/nofp/libgcc.a(_thumb1_case_uhi.o)
                0x00000000080017ac                __gnu_thumb1_case_uhi
 .text          0x00000000080017c0      0x114 /usr/lib/gcc/arm-none-eabi/10.3.1/thumb/v6-m/nofp/libgcc.a(_udivsi3.o)
                0x00000000080017c0                __udivsi3
                0x00000000080017c0                __aeabi_uidiv
                0x00000000080018cc                __aeabi_uidivmod
 .text          0x00000000080018d4        0x4 /usr/lib/gcc/arm-none-eabi/10.3.1/thumb/v6-m/nofp/libgcc.a(_dvmd_tls.o)
                0x00000000080018d4                __aeabi_ldiv0
                0x00000000080018d4                __aeabi_idiv0
 .text          0x00000000080018d8       0x40 /usr/lib/gcc/arm-none-eabi/10.3.1/thumb/v6-m/nofp/libgcc.a(_aeabi_uldivmod.o)
                0x00000000080018d8                __aeabi_uldivmod
 .text          0x0000000008001918      0x198 /usr/lib/gcc/arm-none-eabi/10.3.1/thumb/v6-m/nofp/libgcc.a(_udivmoddi4.o)
                0x0000000008001918                __udivmoddi4
 .text          0x0000000008001ab0       0x18 /usr/lib/gcc/arm-none-eabi/10.3.1/thumb/v6-m/nofp/libgcc.a(_clzdi2.o)
                0x0000000008001ab0                __clzdi2
 .text          0x0000000008001ac8       0x3c /usr/lib/gcc/arm-none-eabi/10.3.1/thumb/v6-m/nofp/libgcc.a(_clzsi2.o)
                0x0000000008001ac8                __clzsi2
                0x0000000008001b04                . = ALIGN (0x4)
 *(.rodata*)
 .rodata._Z4initv.str1.1
                0x0000000008001b04       0x19 src/main.o
 .rodata._Z4loopv.str1.1
                0x0000000008001b1d       0x46 src/main.o
                                         0x48 (size before relaxing)
 .rodata._ZN3CAN4initEv.str1.1
                0x0000000008001b63       0x12 src/can.o
 .rodata._ZN3CAN8transmitERNS_5FrameE.str1.1
                0x0000000008001b75       0x22 src/can.o
 *fill*         0x0000000008001b97        0x1 
 .rodata.rcc_hse_configs
                0x0000000008001b98       0x8c ./libopencm3//lib/libopencm3_stm32f1.a(rcc.o)
                0x0000000008001b98                rcc_hse_configs
                0x0000000008001c24                . = ALIGN (0x4)

.glue_7         0x0000000008001c24        0x0
 .glue_7        0x0000000008001c24        0x0 linker stubs

.glue_7t        0x0000000008001c24        0x0
 .glue_7t       0x0000000008001c24        0x0 linker stubs

.vfp11_veneer   0x0000000008001c24        0x0
 .vfp11_veneer  0x0000000008001c24        0x0 linker stubs

.v4_bx          0x0000000008001c24        0x0
 .v4_bx         0x0000000008001c24        0x0 linker stubs

.iplt           0x0000000008001c24        0x0
 .iplt          0x0000000008001c24        0x0 src/uart.o

.preinit_array  0x0000000008001c24        0x0
                0x0000000008001c24                . = ALIGN (0x4)
                0x0000000008001c24                __preinit_array_start = .
 *(.preinit_array)
                0x0000000008001c24                __preinit_array_end = .

.init_array     0x0000000008001c24        0xc
                0x0000000008001c24                . = ALIGN (0x4)
                0x0000000008001c24                __init_array_start = .
 *(SORT_BY_NAME(.init_array.*))
 *(.init_array)
 .init_array    0x0000000008001c24        0x4 src/uart.o
 .init_array    0x0000000008001c28        0x4 src/main.o
 .init_array    0x0000000008001c2c        0x4 src/can.o
                0x0000000008001c30                __init_array_end = .

.fini_array     0x0000000008001c30        0x0
                0x0000000008001c30                . = ALIGN (0x4)
                0x0000000008001c30                __fini_array_start = .
 *(.fini_array)
 *(SORT_BY_NAME(.fini_array.*))
                0x0000000008001c30                __fini_array_end = .

.ARM.extab
 *(.ARM.extab*)

.ARM.exidx      0x0000000008001c30        0x8
                0x0000000008001c30                __exidx_start = .
 *(.ARM.exidx*)
 .ARM.exidx     0x0000000008001c30        0x8 /usr/lib/gcc/arm-none-eabi/10.3.1/thumb/v6-m/nofp/libgcc.a(_udivmoddi4.o)
                0x0000000008001c38                __exidx_end = .

.rel.dyn        0x0000000008001c38        0x0
 .rel.iplt      0x0000000008001c38        0x0 src/uart.o
                0x0000000008001c38                . = ALIGN (0x4)
                0x0000000008001c38                _etext = .

.noinit
 *(.noinit*)
                0x0000000008001c38                . = ALIGN (0x4)

.data           0x0000000020000000        0xc load address 0x0000000008001c38
                0x0000000020000000                _data = .
 *(.data*)
 .data.rcc_ahb_frequency
                0x0000000020000000        0x4 ./libopencm3//lib/libopencm3_stm32f1.a(rcc.o)
                0x0000000020000000                rcc_ahb_frequency
 .data.rcc_apb1_frequency
                0x0000000020000004        0x4 ./libopencm3//lib/libopencm3_stm32f1.a(rcc.o)
                0x0000000020000004                rcc_apb1_frequency
 .data.rcc_apb2_frequency
                0x0000000020000008        0x4 ./libopencm3//lib/libopencm3_stm32f1.a(rcc.o)
                0x0000000020000008                rcc_apb2_frequency
 *(.ramtext*)
                0x000000002000000c                . = ALIGN (0x4)
                0x000000002000000c                _edata = .
                0x0000000008001c38                _data_loadaddr = LOADADDR (.data)

.igot.plt       0x000000002000000c        0x0 load address 0x0000000008001c44
 .igot.plt      0x000000002000000c        0x0 src/uart.o

.bss            0x000000002000000c      0x754 load address 0x0000000008001c44
 *(.bss*)
 .bss._ZN4Uart12_GLOBAL__N_110_rx_bufferE
                0x000000002000000c      0x108 src/uart.o
 .bss._ZN4Uart12_GLOBAL__N_110_tx_bufferE
                0x0000000020000114      0x108 src/uart.o
 .bss.frame     0x000000002000021c       0x14 src/main.o
                0x000000002000021c                frame
 .bss.frame1    0x0000000020000230       0x14 src/main.o
                0x0000000020000230                frame1
 .bss.frame2    0x0000000020000244       0x14 src/main.o
                0x0000000020000244                frame2
 .bss._ZN3CAN12_GLOBAL__N_19msg_queueE
                0x0000000020000258      0x508 src/can.o
 *(COMMON)
                0x0000000020000760                . = ALIGN (0x4)
                0x0000000020000760                _ebss = .

/DISCARD/
 *(.eh_frame)
                0x0000000020000760                . = ALIGN (0x4)
                0x0000000020000760                end = .
                0x0000000020002800                PROVIDE (_stack = (ORIGIN (ram) + LENGTH (ram)))
OUTPUT(controller.elf elf32-littlearm)
LOAD linker stubs

.debug_info     0x0000000000000000     0x72d5
 .debug_info    0x0000000000000000      0xbe1 src/uart.o
 .debug_info    0x0000000000000be1      0x932 src/main.o
 .debug_info    0x0000000000001513      0xf40 src/can.o
 .debug_info    0x0000000000002453     0x10eb ./printf/printf.o
 .debug_info    0x000000000000353e      0xb0f ./libopencm3//lib/libopencm3_stm32f1.a(can.o)
 .debug_info    0x000000000000404d      0x1ec ./libopencm3//lib/libopencm3_stm32f1.a(gpio.o)
 .debug_info    0x0000000000004239      0x24e ./libopencm3//lib/libopencm3_stm32f1.a(gpio_common_all.o)
 .debug_info    0x0000000000004487     0x155c ./libopencm3//lib/libopencm3_stm32f1.a(rcc.o)
 .debug_info    0x00000000000059e3      0x619 ./libopencm3//lib/libopencm3_stm32f1.a(rcc_common_all.o)
 .debug_info    0x0000000000005ffc      0x58c ./libopencm3//lib/libopencm3_stm32f1.a(usart_common_all.o)
 .debug_info    0x0000000000006588      0x186 ./libopencm3//lib/libopencm3_stm32f1.a(usart_common_f124.o)
 .debug_info    0x000000000000670e      0x2d1 ./libopencm3//lib/libopencm3_stm32f1.a(vector.o)
 .debug_info    0x00000000000069df      0x22d ./libopencm3//lib/libopencm3_stm32f1.a(nvic.o)
 .debug_info    0x0000000000006c0c       0xea ./libopencm3//lib/libopencm3_stm32f1.a(flash_common_all.o)
 .debug_info    0x0000000000006cf6      0x15c /usr/lib/gcc/arm-none-eabi/10.3.1/../../../arm-none-eabi/lib/thumb/v6-m/nofp/libc_nano.a(lib_a-memcpy-stub.o)
 .debug_info    0x0000000000006e52       0x26 /usr/lib/gcc/arm-none-eabi/10.3.1/thumb/v6-m/nofp/libgcc.a(_thumb1_case_uhi.o)
 .debug_info    0x0000000000006e78       0x26 /usr/lib/gcc/arm-none-eabi/10.3.1/thumb/v6-m/nofp/libgcc.a(_udivsi3.o)
 .debug_info    0x0000000000006e9e       0x26 /usr/lib/gcc/arm-none-eabi/10.3.1/thumb/v6-m/nofp/libgcc.a(_dvmd_tls.o)
 .debug_info    0x0000000000006ec4       0x26 /usr/lib/gcc/arm-none-eabi/10.3.1/thumb/v6-m/nofp/libgcc.a(_aeabi_uldivmod.o)
 .debug_info    0x0000000000006eea      0x39f /usr/lib/gcc/arm-none-eabi/10.3.1/thumb/v6-m/nofp/libgcc.a(_udivmoddi4.o)
 .debug_info    0x0000000000007289       0x26 /usr/lib/gcc/arm-none-eabi/10.3.1/thumb/v6-m/nofp/libgcc.a(_clzdi2.o)
 .debug_info    0x00000000000072af       0x26 /usr/lib/gcc/arm-none-eabi/10.3.1/thumb/v6-m/nofp/libgcc.a(_clzsi2.o)

.debug_abbrev   0x0000000000000000     0x1e95
 .debug_abbrev  0x0000000000000000      0x3a2 src/uart.o
 .debug_abbrev  0x00000000000003a2      0x323 src/main.o
 .debug_abbrev  0x00000000000006c5      0x4dd src/can.o
 .debug_abbrev  0x0000000000000ba2      0x397 ./printf/printf.o
 .debug_abbrev  0x0000000000000f39      0x2af ./libopencm3//lib/libopencm3_stm32f1.a(can.o)
 .debug_abbrev  0x00000000000011e8       0xd0 ./libopencm3//lib/libopencm3_stm32f1.a(gpio.o)
 .debug_abbrev  0x00000000000012b8      0x116 ./libopencm3//lib/libopencm3_stm32f1.a(gpio_common_all.o)
 .debug_abbrev  0x00000000000013ce      0x282 ./libopencm3//lib/libopencm3_stm32f1.a(rcc.o)
 .debug_abbrev  0x0000000000001650      0x17c ./libopencm3//lib/libopencm3_stm32f1.a(rcc_common_all.o)
 .debug_abbrev  0x00000000000017cc      0x129 ./libopencm3//lib/libopencm3_stm32f1.a(usart_common_all.o)
 .debug_abbrev  0x00000000000018f5       0xb5 ./libopencm3//lib/libopencm3_stm32f1.a(usart_common_f124.o)
 .debug_abbrev  0x00000000000019aa      0x145 ./libopencm3//lib/libopencm3_stm32f1.a(vector.o)
 .debug_abbrev  0x0000000000001aef       0xb5 ./libopencm3//lib/libopencm3_stm32f1.a(nvic.o)
 .debug_abbrev  0x0000000000001ba4       0x97 ./libopencm3//lib/libopencm3_stm32f1.a(flash_common_all.o)
 .debug_abbrev  0x0000000000001c3b       0xc7 /usr/lib/gcc/arm-none-eabi/10.3.1/../../../arm-none-eabi/lib/thumb/v6-m/nofp/libc_nano.a(lib_a-memcpy-stub.o)
 .debug_abbrev  0x0000000000001d02       0x14 /usr/lib/gcc/arm-none-eabi/10.3.1/thumb/v6-m/nofp/libgcc.a(_thumb1_case_uhi.o)
 .debug_abbrev  0x0000000000001d16       0x14 /usr/lib/gcc/arm-none-eabi/10.3.1/thumb/v6-m/nofp/libgcc.a(_udivsi3.o)
 .debug_abbrev  0x0000000000001d2a       0x14 /usr/lib/gcc/arm-none-eabi/10.3.1/thumb/v6-m/nofp/libgcc.a(_dvmd_tls.o)
 .debug_abbrev  0x0000000000001d3e       0x14 /usr/lib/gcc/arm-none-eabi/10.3.1/thumb/v6-m/nofp/libgcc.a(_aeabi_uldivmod.o)
 .debug_abbrev  0x0000000000001d52      0x11b /usr/lib/gcc/arm-none-eabi/10.3.1/thumb/v6-m/nofp/libgcc.a(_udivmoddi4.o)
 .debug_abbrev  0x0000000000001e6d       0x14 /usr/lib/gcc/arm-none-eabi/10.3.1/thumb/v6-m/nofp/libgcc.a(_clzdi2.o)
 .debug_abbrev  0x0000000000001e81       0x14 /usr/lib/gcc/arm-none-eabi/10.3.1/thumb/v6-m/nofp/libgcc.a(_clzsi2.o)

.debug_loc      0x0000000000000000     0x429f
 .debug_loc     0x0000000000000000      0x2e3 src/uart.o
 .debug_loc     0x00000000000002e3      0x222 src/main.o
 .debug_loc     0x0000000000000505      0x416 src/can.o
 .debug_loc     0x000000000000091b     0x1ae8 ./printf/printf.o
 .debug_loc     0x0000000000002403      0xb94 ./libopencm3//lib/libopencm3_stm32f1.a(can.o)
 .debug_loc     0x0000000000002f97      0x14c ./libopencm3//lib/libopencm3_stm32f1.a(gpio.o)
 .debug_loc     0x00000000000030e3       0xbe ./libopencm3//lib/libopencm3_stm32f1.a(gpio_common_all.o)
 .debug_loc     0x00000000000031a1      0x3d0 ./libopencm3//lib/libopencm3_stm32f1.a(rcc.o)
 .debug_loc     0x0000000000003571       0x94 ./libopencm3//lib/libopencm3_stm32f1.a(rcc_common_all.o)
 .debug_loc     0x0000000000003605      0x14d ./libopencm3//lib/libopencm3_stm32f1.a(usart_common_all.o)
 .debug_loc     0x0000000000003752       0x99 ./libopencm3//lib/libopencm3_stm32f1.a(usart_common_f124.o)
 .debug_loc     0x00000000000037eb      0x128 ./libopencm3//lib/libopencm3_stm32f1.a(vector.o)
 .debug_loc     0x0000000000003913      0x14d ./libopencm3//lib/libopencm3_stm32f1.a(nvic.o)
 .debug_loc     0x0000000000003a60       0x15 ./libopencm3//lib/libopencm3_stm32f1.a(flash_common_all.o)
 .debug_loc     0x0000000000003a75      0x457 /usr/lib/gcc/arm-none-eabi/10.3.1/../../../arm-none-eabi/lib/thumb/v6-m/nofp/libc_nano.a(lib_a-memcpy-stub.o)
 .debug_loc     0x0000000000003ecc      0x3d3 /usr/lib/gcc/arm-none-eabi/10.3.1/thumb/v6-m/nofp/libgcc.a(_udivmoddi4.o)

.debug_aranges  0x0000000000000000      0x728
 .debug_aranges
                0x0000000000000000       0x60 src/uart.o
 .debug_aranges
                0x0000000000000060       0x38 src/main.o
 .debug_aranges
                0x0000000000000098       0x58 src/can.o
 .debug_aranges
                0x00000000000000f0       0x80 ./printf/printf.o
 .debug_aranges
                0x0000000000000170       0x80 ./libopencm3//lib/libopencm3_stm32f1.a(can.o)
 .debug_aranges
                0x00000000000001f0       0x38 ./libopencm3//lib/libopencm3_stm32f1.a(gpio.o)
 .debug_aranges
                0x0000000000000228       0x50 ./libopencm3//lib/libopencm3_stm32f1.a(gpio_common_all.o)
 .debug_aranges
                0x0000000000000278      0x170 ./libopencm3//lib/libopencm3_stm32f1.a(rcc.o)
 .debug_aranges
                0x00000000000003e8       0x60 ./libopencm3//lib/libopencm3_stm32f1.a(rcc_common_all.o)
 .debug_aranges
                0x0000000000000448       0xd8 ./libopencm3//lib/libopencm3_stm32f1.a(usart_common_all.o)
 .debug_aranges
                0x0000000000000520       0x40 ./libopencm3//lib/libopencm3_stm32f1.a(usart_common_f124.o)
 .debug_aranges
                0x0000000000000560       0x30 ./libopencm3//lib/libopencm3_stm32f1.a(vector.o)
 .debug_aranges
                0x0000000000000590       0x60 ./libopencm3//lib/libopencm3_stm32f1.a(nvic.o)
 .debug_aranges
                0x00000000000005f0       0x38 ./libopencm3//lib/libopencm3_stm32f1.a(flash_common_all.o)
 .debug_aranges
                0x0000000000000628       0x20 /usr/lib/gcc/arm-none-eabi/10.3.1/../../../arm-none-eabi/lib/thumb/v6-m/nofp/libc_nano.a(lib_a-memcpy-stub.o)
 .debug_aranges
                0x0000000000000648       0x20 /usr/lib/gcc/arm-none-eabi/10.3.1/thumb/v6-m/nofp/libgcc.a(_thumb1_case_uhi.o)
 .debug_aranges
                0x0000000000000668       0x20 /usr/lib/gcc/arm-none-eabi/10.3.1/thumb/v6-m/nofp/libgcc.a(_udivsi3.o)
 .debug_aranges
                0x0000000000000688       0x20 /usr/lib/gcc/arm-none-eabi/10.3.1/thumb/v6-m/nofp/libgcc.a(_dvmd_tls.o)
 .debug_aranges
                0x00000000000006a8       0x20 /usr/lib/gcc/arm-none-eabi/10.3.1/thumb/v6-m/nofp/libgcc.a(_aeabi_uldivmod.o)
 .debug_aranges
                0x00000000000006c8       0x20 /usr/lib/gcc/arm-none-eabi/10.3.1/thumb/v6-m/nofp/libgcc.a(_udivmoddi4.o)
 .debug_aranges
                0x00000000000006e8       0x20 /usr/lib/gcc/arm-none-eabi/10.3.1/thumb/v6-m/nofp/libgcc.a(_clzdi2.o)
 .debug_aranges
                0x0000000000000708       0x20 /usr/lib/gcc/arm-none-eabi/10.3.1/thumb/v6-m/nofp/libgcc.a(_clzsi2.o)

.debug_ranges   0x0000000000000000      0xa08
 .debug_ranges  0x0000000000000000      0x128 src/uart.o
 .debug_ranges  0x0000000000000128       0xb8 src/main.o
 .debug_ranges  0x00000000000001e0      0x1a8 src/can.o
 .debug_ranges  0x0000000000000388      0x1c0 ./printf/printf.o
 .debug_ranges  0x0000000000000548       0x70 ./libopencm3//lib/libopencm3_stm32f1.a(can.o)
 .debug_ranges  0x00000000000005b8       0x28 ./libopencm3//lib/libopencm3_stm32f1.a(gpio.o)
 .debug_ranges  0x00000000000005e0       0x40 ./libopencm3//lib/libopencm3_stm32f1.a(gpio_common_all.o)
 .debug_ranges  0x0000000000000620      0x208 ./libopencm3//lib/libopencm3_stm32f1.a(rcc.o)
 .debug_ranges  0x0000000000000828       0x50 ./libopencm3//lib/libopencm3_stm32f1.a(rcc_common_all.o)
 .debug_ranges  0x0000000000000878       0xc8 ./libopencm3//lib/libopencm3_stm32f1.a(usart_common_all.o)
 .debug_ranges  0x0000000000000940       0x30 ./libopencm3//lib/libopencm3_stm32f1.a(usart_common_f124.o)
 .debug_ranges  0x0000000000000970       0x20 ./libopencm3//lib/libopencm3_stm32f1.a(vector.o)
 .debug_ranges  0x0000000000000990       0x50 ./libopencm3//lib/libopencm3_stm32f1.a(nvic.o)
 .debug_ranges  0x00000000000009e0       0x28 ./libopencm3//lib/libopencm3_stm32f1.a(flash_common_all.o)

.debug_macro    0x0000000000000000     0x727a
 .debug_macro   0x0000000000000000      0x219 src/uart.o
 .debug_macro   0x0000000000000219      0xaf6 src/uart.o
 .debug_macro   0x0000000000000d0f       0x10 src/uart.o
 .debug_macro   0x0000000000000d1f       0x22 src/uart.o
 .debug_macro   0x0000000000000d41       0x46 src/uart.o
 .debug_macro   0x0000000000000d87       0x18 src/uart.o
 .debug_macro   0x0000000000000d9f       0x5c src/uart.o
 .debug_macro   0x0000000000000dfb       0x3c src/uart.o
 .debug_macro   0x0000000000000e37       0x34 src/uart.o
 .debug_macro   0x0000000000000e6b      0x17b src/uart.o
 .debug_macro   0x0000000000000fe6       0x16 src/uart.o
 .debug_macro   0x0000000000000ffc       0x43 src/uart.o
 .debug_macro   0x000000000000103f       0x57 src/uart.o
 .debug_macro   0x0000000000001096       0x34 src/uart.o
 .debug_macro   0x00000000000010ca       0x10 src/uart.o
 .debug_macro   0x00000000000010da       0x52 src/uart.o
 .debug_macro   0x000000000000112c       0x71 src/uart.o
 .debug_macro   0x000000000000119d       0x16 src/uart.o
 .debug_macro   0x00000000000011b3      0x12a src/uart.o
 .debug_macro   0x00000000000012dd      0x23b src/uart.o
 .debug_macro   0x0000000000001518       0x58 src/uart.o
 .debug_macro   0x0000000000001570       0x16 src/uart.o
 .debug_macro   0x0000000000001586       0x35 src/uart.o
 .debug_macro   0x00000000000015bb      0x356 src/uart.o
 .debug_macro   0x0000000000001911       0x10 src/uart.o
 .debug_macro   0x0000000000001921       0x6a src/uart.o
 .debug_macro   0x000000000000198b       0xb2 src/uart.o
 .debug_macro   0x0000000000001a3d      0x4fe src/uart.o
 .debug_macro   0x0000000000001f3b       0x1c src/uart.o
 .debug_macro   0x0000000000001f57      0x34e src/uart.o
 .debug_macro   0x00000000000022a5       0x16 src/uart.o
 .debug_macro   0x00000000000022bb       0xe8 src/uart.o
 .debug_macro   0x00000000000023a3       0x52 src/uart.o
 .debug_macro   0x00000000000023f5       0x43 src/uart.o
 .debug_macro   0x0000000000002438      0x1a2 src/uart.o
 .debug_macro   0x00000000000025da      0x1ba src/uart.o
 .debug_macro   0x0000000000002794       0x76 src/uart.o
 .debug_macro   0x000000000000280a      0xe2e src/uart.o
 .debug_macro   0x0000000000003638      0x8c6 src/uart.o
 .debug_macro   0x0000000000003efe       0x94 src/uart.o
 .debug_macro   0x0000000000003f92      0x29e src/uart.o
 .debug_macro   0x0000000000004230       0x1c src/uart.o
 .debug_macro   0x000000000000424c      0x192 src/main.o
 .debug_macro   0x00000000000043de      0x1b4 src/main.o
 .debug_macro   0x0000000000004592       0x10 src/main.o
 .debug_macro   0x00000000000045a2      0x1c8 src/can.o
 .debug_macro   0x000000000000476a      0x513 src/can.o
 .debug_macro   0x0000000000004c7d       0x9e ./printf/printf.o
 .debug_macro   0x0000000000004d1b      0xa48 ./printf/printf.o
 .debug_macro   0x0000000000005763       0x22 ./printf/printf.o
 .debug_macro   0x0000000000005785      0x16d ./printf/printf.o
 .debug_macro   0x00000000000058f2       0x80 ./libopencm3//lib/libopencm3_stm32f1.a(can.o)
 .debug_macro   0x0000000000005972      0xa60 ./libopencm3//lib/libopencm3_stm32f1.a(can.o)
 .debug_macro   0x00000000000063d2       0x76 ./libopencm3//lib/libopencm3_stm32f1.a(can.o)
 .debug_macro   0x0000000000006448       0x1c ./libopencm3//lib/libopencm3_stm32f1.a(can.o)
 .debug_macro   0x0000000000006464       0x6f ./libopencm3//lib/libopencm3_stm32f1.a(gpio.o)
 .debug_macro   0x00000000000064d3       0x6f ./libopencm3//lib/libopencm3_stm32f1.a(gpio_common_all.o)
 .debug_macro   0x0000000000006542       0x9e ./libopencm3//lib/libopencm3_stm32f1.a(rcc.o)
 .debug_macro   0x00000000000065e0       0x16 ./libopencm3//lib/libopencm3_stm32f1.a(rcc.o)
 .debug_macro   0x00000000000065f6       0xee ./libopencm3//lib/libopencm3_stm32f1.a(rcc.o)
 .debug_macro   0x00000000000066e4       0x82 ./libopencm3//lib/libopencm3_stm32f1.a(rcc.o)
 .debug_macro   0x0000000000006766       0x85 ./libopencm3//lib/libopencm3_stm32f1.a(rcc_common_all.o)
 .debug_macro   0x00000000000067eb       0x91 ./libopencm3//lib/libopencm3_stm32f1.a(usart_common_all.o)
 .debug_macro   0x000000000000687c       0x91 ./libopencm3//lib/libopencm3_stm32f1.a(usart_common_f124.o)
 .debug_macro   0x000000000000690d       0x86 ./libopencm3//lib/libopencm3_stm32f1.a(vector.o)
 .debug_macro   0x0000000000006993      0x395 ./libopencm3//lib/libopencm3_stm32f1.a(vector.o)
 .debug_macro   0x0000000000006d28       0x6e ./libopencm3//lib/libopencm3_stm32f1.a(vector.o)
 .debug_macro   0x0000000000006d96       0x6a ./libopencm3//lib/libopencm3_stm32f1.a(nvic.o)
 .debug_macro   0x0000000000006e00       0x68 ./libopencm3//lib/libopencm3_stm32f1.a(nvic.o)
 .debug_macro   0x0000000000006e68      0x39b ./libopencm3//lib/libopencm3_stm32f1.a(nvic.o)
 .debug_macro   0x0000000000007203       0x77 ./libopencm3//lib/libopencm3_stm32f1.a(flash_common_all.o)

.debug_line     0x0000000000000000     0x503a
 .debug_line    0x0000000000000000      0x6e2 src/uart.o
 .debug_line    0x00000000000006e2      0x5f9 src/main.o
 .debug_line    0x0000000000000cdb      0x784 src/can.o
 .debug_line    0x000000000000145f      0xb6e ./printf/printf.o
 .debug_line    0x0000000000001fcd      0x758 ./libopencm3//lib/libopencm3_stm32f1.a(can.o)
 .debug_line    0x0000000000002725      0x271 ./libopencm3//lib/libopencm3_stm32f1.a(gpio.o)
 .debug_line    0x0000000000002996      0x27b ./libopencm3//lib/libopencm3_stm32f1.a(gpio_common_all.o)
 .debug_line    0x0000000000002c11      0xc2d ./libopencm3//lib/libopencm3_stm32f1.a(rcc.o)
 .debug_line    0x000000000000383e      0x2da ./libopencm3//lib/libopencm3_stm32f1.a(rcc_common_all.o)
 .debug_line    0x0000000000003b18      0x4ee ./libopencm3//lib/libopencm3_stm32f1.a(usart_common_all.o)
 .debug_line    0x0000000000004006      0x270 ./libopencm3//lib/libopencm3_stm32f1.a(usart_common_f124.o)
 .debug_line    0x0000000000004276      0x306 ./libopencm3//lib/libopencm3_stm32f1.a(vector.o)
 .debug_line    0x000000000000457c      0x29d ./libopencm3//lib/libopencm3_stm32f1.a(nvic.o)
 .debug_line    0x0000000000004819      0x22c ./libopencm3//lib/libopencm3_stm32f1.a(flash_common_all.o)
 .debug_line    0x0000000000004a45      0x1b5 /usr/lib/gcc/arm-none-eabi/10.3.1/../../../arm-none-eabi/lib/thumb/v6-m/nofp/libc_nano.a(lib_a-memcpy-stub.o)
 .debug_line    0x0000000000004bfa       0x69 /usr/lib/gcc/arm-none-eabi/10.3.1/thumb/v6-m/nofp/libgcc.a(_thumb1_case_uhi.o)
 .debug_line    0x0000000000004c63       0x6c /usr/lib/gcc/arm-none-eabi/10.3.1/thumb/v6-m/nofp/libgcc.a(_udivsi3.o)
 .debug_line    0x0000000000004ccf       0x60 /usr/lib/gcc/arm-none-eabi/10.3.1/thumb/v6-m/nofp/libgcc.a(_dvmd_tls.o)
 .debug_line    0x0000000000004d2f       0x6b /usr/lib/gcc/arm-none-eabi/10.3.1/thumb/v6-m/nofp/libgcc.a(_aeabi_uldivmod.o)
 .debug_line    0x0000000000004d9a      0x1c2 /usr/lib/gcc/arm-none-eabi/10.3.1/thumb/v6-m/nofp/libgcc.a(_udivmoddi4.o)
 .debug_line    0x0000000000004f5c       0x6a /usr/lib/gcc/arm-none-eabi/10.3.1/thumb/v6-m/nofp/libgcc.a(_clzdi2.o)
 .debug_line    0x0000000000004fc6       0x74 /usr/lib/gcc/arm-none-eabi/10.3.1/thumb/v6-m/nofp/libgcc.a(_clzsi2.o)

.debug_str      0x0000000000000000    0x16f18
 .debug_str     0x0000000000000000    0x10ec0 src/uart.o
                                      0x11180 (size before relaxing)
 .debug_str     0x0000000000010ec0      0x1da src/main.o
                                       0xe28b (size before relaxing)
 .debug_str     0x000000000001109a     0x1a76 src/can.o
                                      0x102fa (size before relaxing)
 .debug_str     0x0000000000012b10      0x4d0 ./printf/printf.o
                                       0x3e88 (size before relaxing)
 .debug_str     0x0000000000012fe0      0x7ff ./libopencm3//lib/libopencm3_stm32f1.a(can.o)
                                       0x8a00 (size before relaxing)
 .debug_str     0x00000000000137df       0x6d ./libopencm3//lib/libopencm3_stm32f1.a(gpio.o)
                                       0x8131 (size before relaxing)
 .debug_str     0x000000000001384c       0x6c ./libopencm3//lib/libopencm3_stm32f1.a(gpio_common_all.o)
                                       0x812f (size before relaxing)
 .debug_str     0x00000000000138b8      0xd43 ./libopencm3//lib/libopencm3_stm32f1.a(rcc.o)
                                       0x7d91 (size before relaxing)
 .debug_str     0x00000000000145fb      0x186 ./libopencm3//lib/libopencm3_stm32f1.a(rcc_common_all.o)
                                       0x7494 (size before relaxing)
 .debug_str     0x0000000000014781      0x1b8 ./libopencm3//lib/libopencm3_stm32f1.a(usart_common_all.o)
                                       0x80bf (size before relaxing)
 .debug_str     0x0000000000014939       0x1e ./libopencm3//lib/libopencm3_stm32f1.a(usart_common_f124.o)
                                       0x7e53 (size before relaxing)
 .debug_str     0x0000000000014957     0x1d89 ./libopencm3//lib/libopencm3_stm32f1.a(vector.o)
                                       0x6180 (size before relaxing)
 .debug_str     0x00000000000166e0       0xb2 ./libopencm3//lib/libopencm3_stm32f1.a(nvic.o)
                                       0x574d (size before relaxing)
 .debug_str     0x0000000000016792       0x64 ./libopencm3//lib/libopencm3_stm32f1.a(flash_common_all.o)
                                       0x507f (size before relaxing)
 .debug_str     0x00000000000167f6      0x13b /usr/lib/gcc/arm-none-eabi/10.3.1/../../../arm-none-eabi/lib/thumb/v6-m/nofp/libc_nano.a(lib_a-memcpy-stub.o)
                                        0x1de (size before relaxing)
 .debug_str     0x0000000000016931       0xa6 /usr/lib/gcc/arm-none-eabi/10.3.1/thumb/v6-m/nofp/libgcc.a(_thumb1_case_uhi.o)
 .debug_str     0x00000000000169d7       0xa6 /usr/lib/gcc/arm-none-eabi/10.3.1/thumb/v6-m/nofp/libgcc.a(_udivsi3.o)
 .debug_str     0x00000000000169d7       0xa6 /usr/lib/gcc/arm-none-eabi/10.3.1/thumb/v6-m/nofp/libgcc.a(_dvmd_tls.o)
 .debug_str     0x00000000000169d7       0x30 /usr/lib/gcc/arm-none-eabi/10.3.1/thumb/v6-m/nofp/libgcc.a(_aeabi_uldivmod.o)
                                         0xa6 (size before relaxing)
 .debug_str     0x0000000000016a07      0x511 /usr/lib/gcc/arm-none-eabi/10.3.1/thumb/v6-m/nofp/libgcc.a(_udivmoddi4.o)
                                        0x602 (size before relaxing)
 .debug_str     0x0000000000016f18       0xa6 /usr/lib/gcc/arm-none-eabi/10.3.1/thumb/v6-m/nofp/libgcc.a(_clzdi2.o)
 .debug_str     0x0000000000016f18       0xa6 /usr/lib/gcc/arm-none-eabi/10.3.1/thumb/v6-m/nofp/libgcc.a(_clzsi2.o)

.comment        0x0000000000000000       0x33
 .comment       0x0000000000000000       0x33 src/uart.o
                                         0x34 (size before relaxing)
 .comment       0x0000000000000033       0x34 src/main.o
 .comment       0x0000000000000033       0x34 src/can.o
 .comment       0x0000000000000033       0x34 ./printf/printf.o
 .comment       0x0000000000000033       0x34 ./libopencm3//lib/libopencm3_stm32f1.a(can.o)
 .comment       0x0000000000000033       0x34 ./libopencm3//lib/libopencm3_stm32f1.a(gpio.o)
 .comment       0x0000000000000033       0x34 ./libopencm3//lib/libopencm3_stm32f1.a(gpio_common_all.o)
 .comment       0x0000000000000033       0x34 ./libopencm3//lib/libopencm3_stm32f1.a(rcc.o)
 .comment       0x0000000000000033       0x34 ./libopencm3//lib/libopencm3_stm32f1.a(rcc_common_all.o)
 .comment       0x0000000000000033       0x34 ./libopencm3//lib/libopencm3_stm32f1.a(usart_common_all.o)
 .comment       0x0000000000000033       0x34 ./libopencm3//lib/libopencm3_stm32f1.a(usart_common_f124.o)
 .comment       0x0000000000000033       0x34 ./libopencm3//lib/libopencm3_stm32f1.a(vector.o)
 .comment       0x0000000000000033       0x34 ./libopencm3//lib/libopencm3_stm32f1.a(nvic.o)
 .comment       0x0000000000000033       0x34 ./libopencm3//lib/libopencm3_stm32f1.a(flash_common_all.o)
 .comment       0x0000000000000033       0x34 /usr/lib/gcc/arm-none-eabi/10.3.1/../../../arm-none-eabi/lib/thumb/v6-m/nofp/libc_nano.a(lib_a-memcpy-stub.o)
 .comment       0x0000000000000033       0x34 /usr/lib/gcc/arm-none-eabi/10.3.1/thumb/v6-m/nofp/libgcc.a(_udivmoddi4.o)

.ARM.attributes
                0x0000000000000000       0x2d
 .ARM.attributes
                0x0000000000000000       0x2c src/uart.o
 .ARM.attributes
                0x000000000000002c       0x2c src/main.o
 .ARM.attributes
                0x0000000000000058       0x2c src/can.o
 .ARM.attributes
                0x0000000000000084       0x2c ./printf/printf.o
 .ARM.attributes
                0x00000000000000b0       0x2d ./libopencm3//lib/libopencm3_stm32f1.a(can.o)
 .ARM.attributes
                0x00000000000000dd       0x2d ./libopencm3//lib/libopencm3_stm32f1.a(gpio.o)
 .ARM.attributes
                0x000000000000010a       0x2d ./libopencm3//lib/libopencm3_stm32f1.a(gpio_common_all.o)
 .ARM.attributes
                0x0000000000000137       0x2d ./libopencm3//lib/libopencm3_stm32f1.a(rcc.o)
 .ARM.attributes
                0x0000000000000164       0x2d ./libopencm3//lib/libopencm3_stm32f1.a(rcc_common_all.o)
 .ARM.attributes
                0x0000000000000191       0x2d ./libopencm3//lib/libopencm3_stm32f1.a(usart_common_all.o)
 .ARM.attributes
                0x00000000000001be       0x2d ./libopencm3//lib/libopencm3_stm32f1.a(usart_common_f124.o)
 .ARM.attributes
                0x00000000000001eb       0x2d ./libopencm3//lib/libopencm3_stm32f1.a(vector.o)
 .ARM.attributes
                0x0000000000000218       0x2d ./libopencm3//lib/libopencm3_stm32f1.a(nvic.o)
 .ARM.attributes
                0x0000000000000245       0x2d ./libopencm3//lib/libopencm3_stm32f1.a(flash_common_all.o)
 .ARM.attributes
                0x0000000000000272       0x2c /usr/lib/gcc/arm-none-eabi/10.3.1/../../../arm-none-eabi/lib/thumb/v6-m/nofp/libc_nano.a(lib_a-memcpy-stub.o)
 .ARM.attributes
                0x000000000000029e       0x1e /usr/lib/gcc/arm-none-eabi/10.3.1/thumb/v6-m/nofp/libgcc.a(_thumb1_case_uhi.o)
 .ARM.attributes
                0x00000000000002bc       0x1e /usr/lib/gcc/arm-none-eabi/10.3.1/thumb/v6-m/nofp/libgcc.a(_udivsi3.o)
 .ARM.attributes
                0x00000000000002da       0x1e /usr/lib/gcc/arm-none-eabi/10.3.1/thumb/v6-m/nofp/libgcc.a(_dvmd_tls.o)
 .ARM.attributes
                0x00000000000002f8       0x1e /usr/lib/gcc/arm-none-eabi/10.3.1/thumb/v6-m/nofp/libgcc.a(_aeabi_uldivmod.o)
 .ARM.attributes
                0x0000000000000316       0x2c /usr/lib/gcc/arm-none-eabi/10.3.1/thumb/v6-m/nofp/libgcc.a(_udivmoddi4.o)
 .ARM.attributes
                0x0000000000000342       0x1e /usr/lib/gcc/arm-none-eabi/10.3.1/thumb/v6-m/nofp/libgcc.a(_clzdi2.o)
 .ARM.attributes
                0x0000000000000360       0x1e /usr/lib/gcc/arm-none-eabi/10.3.1/thumb/v6-m/nofp/libgcc.a(_clzsi2.o)

.debug_frame    0x0000000000000000      0xe08
 .debug_frame   0x0000000000000000       0xdc src/uart.o
 .debug_frame   0x00000000000000dc       0x70 src/main.o
 .debug_frame   0x000000000000014c      0x10c src/can.o
 .debug_frame   0x0000000000000258      0x18c ./printf/printf.o
 .debug_frame   0x00000000000003e4      0x170 ./libopencm3//lib/libopencm3_stm32f1.a(can.o)
 .debug_frame   0x0000000000000554       0x60 ./libopencm3//lib/libopencm3_stm32f1.a(gpio.o)
 .debug_frame   0x00000000000005b4       0x80 ./libopencm3//lib/libopencm3_stm32f1.a(gpio_common_all.o)
 .debug_frame   0x0000000000000634      0x318 ./libopencm3//lib/libopencm3_stm32f1.a(rcc.o)
 .debug_frame   0x000000000000094c       0xe0 ./libopencm3//lib/libopencm3_stm32f1.a(rcc_common_all.o)
 .debug_frame   0x0000000000000a2c      0x1b0 ./libopencm3//lib/libopencm3_stm32f1.a(usart_common_all.o)
 .debug_frame   0x0000000000000bdc       0x60 ./libopencm3//lib/libopencm3_stm32f1.a(usart_common_f124.o)
 .debug_frame   0x0000000000000c3c       0x4c ./libopencm3//lib/libopencm3_stm32f1.a(vector.o)
 .debug_frame   0x0000000000000c88       0xa0 ./libopencm3//lib/libopencm3_stm32f1.a(nvic.o)
 .debug_frame   0x0000000000000d28       0x50 ./libopencm3//lib/libopencm3_stm32f1.a(flash_common_all.o)
 .debug_frame   0x0000000000000d78       0x34 /usr/lib/gcc/arm-none-eabi/10.3.1/../../../arm-none-eabi/lib/thumb/v6-m/nofp/libc_nano.a(lib_a-memcpy-stub.o)
 .debug_frame   0x0000000000000dac       0x20 /usr/lib/gcc/arm-none-eabi/10.3.1/thumb/v6-m/nofp/libgcc.a(_udivsi3.o)
 .debug_frame   0x0000000000000dcc       0x3c /usr/lib/gcc/arm-none-eabi/10.3.1/thumb/v6-m/nofp/libgcc.a(_udivmoddi4.o)

Cross Reference Table

Symbol                                            File
CAN::has_pending_messages()                       src/can.o
CAN::init()                                       src/can.o
                                                  src/main.o
CAN::isr()                                        src/can.o
CAN::pop(CAN::Frame&)                             src/can.o
                                                  src/main.o
CAN::receive(unsigned char)                       src/can.o
CAN::transmit(CAN::Frame&)                        src/can.o
                                                  src/main.o
Uart::flush()                                     src/uart.o
Uart::get(char*)                                  src/uart.o
Uart::init()                                      src/uart.o
                                                  src/main.o
Uart::isr()                                       src/uart.o
Uart::put(char)                                   src/uart.o
__aeabi_idiv0                                     /usr/lib/gcc/arm-none-eabi/10.3.1/thumb/v6-m/nofp/libgcc.a(_dvmd_tls.o)
                                                  /usr/lib/gcc/arm-none-eabi/10.3.1/thumb/v6-m/nofp/libgcc.a(_udivsi3.o)
__aeabi_ldiv0                                     /usr/lib/gcc/arm-none-eabi/10.3.1/thumb/v6-m/nofp/libgcc.a(_dvmd_tls.o)
                                                  /usr/lib/gcc/arm-none-eabi/10.3.1/thumb/v6-m/nofp/libgcc.a(_aeabi_uldivmod.o)
__aeabi_uidiv                                     /usr/lib/gcc/arm-none-eabi/10.3.1/thumb/v6-m/nofp/libgcc.a(_udivsi3.o)
__aeabi_uidivmod                                  /usr/lib/gcc/arm-none-eabi/10.3.1/thumb/v6-m/nofp/libgcc.a(_udivsi3.o)
                                                  ./printf/printf.o
__aeabi_uldivmod                                  /usr/lib/gcc/arm-none-eabi/10.3.1/thumb/v6-m/nofp/libgcc.a(_aeabi_uldivmod.o)
                                                  ./printf/printf.o
__clzdi2                                          /usr/lib/gcc/arm-none-eabi/10.3.1/thumb/v6-m/nofp/libgcc.a(_clzdi2.o)
                                                  /usr/lib/gcc/arm-none-eabi/10.3.1/thumb/v6-m/nofp/libgcc.a(_udivmoddi4.o)
__clzsi2                                          /usr/lib/gcc/arm-none-eabi/10.3.1/thumb/v6-m/nofp/libgcc.a(_clzsi2.o)
                                                  /usr/lib/gcc/arm-none-eabi/10.3.1/thumb/v6-m/nofp/libgcc.a(_clzdi2.o)
__fini_array_end                                  ./libopencm3//lib/libopencm3_stm32f1.a(vector.o)
__fini_array_start                                ./libopencm3//lib/libopencm3_stm32f1.a(vector.o)
__gnu_thumb1_case_uhi                             /usr/lib/gcc/arm-none-eabi/10.3.1/thumb/v6-m/nofp/libgcc.a(_thumb1_case_uhi.o)
                                                  ./printf/printf.o
__init_array_end                                  ./libopencm3//lib/libopencm3_stm32f1.a(vector.o)
__init_array_start                                ./libopencm3//lib/libopencm3_stm32f1.a(vector.o)
__preinit_array_end                               ./libopencm3//lib/libopencm3_stm32f1.a(vector.o)
__preinit_array_start                             ./libopencm3//lib/libopencm3_stm32f1.a(vector.o)
__udivmoddi4                                      /usr/lib/gcc/arm-none-eabi/10.3.1/thumb/v6-m/nofp/libgcc.a(_udivmoddi4.o)
                                                  /usr/lib/gcc/arm-none-eabi/10.3.1/thumb/v6-m/nofp/libgcc.a(_aeabi_uldivmod.o)
__udivsi3                                         /usr/lib/gcc/arm-none-eabi/10.3.1/thumb/v6-m/nofp/libgcc.a(_udivsi3.o)
_data                                             ./libopencm3//lib/libopencm3_stm32f1.a(vector.o)
_data_loadaddr                                    ./libopencm3//lib/libopencm3_stm32f1.a(vector.o)
_ebss                                             ./libopencm3//lib/libopencm3_stm32f1.a(vector.o)
_edata                                            ./libopencm3//lib/libopencm3_stm32f1.a(vector.o)
_putchar                                          src/uart.o
                                                  ./printf/printf.o
_stack                                            ./libopencm3//lib/libopencm3_stm32f1.a(vector.o)
adc1_2_isr                                        ./libopencm3//lib/libopencm3_stm32f1.a(vector.o)
adc3_isr                                          ./libopencm3//lib/libopencm3_stm32f1.a(vector.o)
blocking_handler                                  ./libopencm3//lib/libopencm3_stm32f1.a(vector.o)
bus_fault_handler                                 ./libopencm3//lib/libopencm3_stm32f1.a(vector.o)
can2_rx0_isr                                      ./libopencm3//lib/libopencm3_stm32f1.a(vector.o)
can2_rx1_isr                                      ./libopencm3//lib/libopencm3_stm32f1.a(vector.o)
can2_sce_isr                                      ./libopencm3//lib/libopencm3_stm32f1.a(vector.o)
can2_tx_isr                                       ./libopencm3//lib/libopencm3_stm32f1.a(vector.o)
can_available_mailbox                             ./libopencm3//lib/libopencm3_stm32f1.a(can.o)
can_disable_irq                                   ./libopencm3//lib/libopencm3_stm32f1.a(can.o)
can_enable_irq                                    ./libopencm3//lib/libopencm3_stm32f1.a(can.o)
                                                  src/can.o
can_fifo_release                                  ./libopencm3//lib/libopencm3_stm32f1.a(can.o)
can_filter_id_list_16bit_init                     ./libopencm3//lib/libopencm3_stm32f1.a(can.o)
can_filter_id_list_32bit_init                     ./libopencm3//lib/libopencm3_stm32f1.a(can.o)
can_filter_id_mask_16bit_init                     ./libopencm3//lib/libopencm3_stm32f1.a(can.o)
                                                  src/can.o
can_filter_id_mask_32bit_init                     ./libopencm3//lib/libopencm3_stm32f1.a(can.o)
can_filter_init                                   ./libopencm3//lib/libopencm3_stm32f1.a(can.o)
can_init                                          ./libopencm3//lib/libopencm3_stm32f1.a(can.o)
                                                  src/can.o
can_receive                                       ./libopencm3//lib/libopencm3_stm32f1.a(can.o)
                                                  src/can.o
can_reset                                         ./libopencm3//lib/libopencm3_stm32f1.a(can.o)
                                                  src/can.o
can_rx0_isr()                                     src/can.o
can_rx1_isr                                       src/can.o
can_sce_isr                                       ./libopencm3//lib/libopencm3_stm32f1.a(vector.o)
can_transmit                                      ./libopencm3//lib/libopencm3_stm32f1.a(can.o)
                                                  src/can.o
cm3_assert_failed                                 ./libopencm3//lib/libopencm3_stm32f1.a(assert.o)
                                                  ./libopencm3//lib/libopencm3_stm32f1.a(rcc.o)
cm3_assert_failed_verbose                         ./libopencm3//lib/libopencm3_stm32f1.a(assert.o)
debug_monitor_handler                             ./libopencm3//lib/libopencm3_stm32f1.a(vector.o)
dma1_channel1_isr                                 ./libopencm3//lib/libopencm3_stm32f1.a(vector.o)
dma1_channel2_isr                                 ./libopencm3//lib/libopencm3_stm32f1.a(vector.o)
dma1_channel3_isr                                 ./libopencm3//lib/libopencm3_stm32f1.a(vector.o)
dma1_channel4_isr                                 ./libopencm3//lib/libopencm3_stm32f1.a(vector.o)
dma1_channel5_isr                                 ./libopencm3//lib/libopencm3_stm32f1.a(vector.o)
dma1_channel6_isr                                 ./libopencm3//lib/libopencm3_stm32f1.a(vector.o)
dma1_channel7_isr                                 ./libopencm3//lib/libopencm3_stm32f1.a(vector.o)
dma2_channel1_isr                                 ./libopencm3//lib/libopencm3_stm32f1.a(vector.o)
dma2_channel2_isr                                 ./libopencm3//lib/libopencm3_stm32f1.a(vector.o)
dma2_channel3_isr                                 ./libopencm3//lib/libopencm3_stm32f1.a(vector.o)
dma2_channel4_5_isr                               ./libopencm3//lib/libopencm3_stm32f1.a(vector.o)
dma2_channel5_isr                                 ./libopencm3//lib/libopencm3_stm32f1.a(vector.o)
eth_isr                                           ./libopencm3//lib/libopencm3_stm32f1.a(vector.o)
eth_wkup_isr                                      ./libopencm3//lib/libopencm3_stm32f1.a(vector.o)
exti0_isr                                         ./libopencm3//lib/libopencm3_stm32f1.a(vector.o)
exti15_10_isr                                     ./libopencm3//lib/libopencm3_stm32f1.a(vector.o)
exti1_isr                                         ./libopencm3//lib/libopencm3_stm32f1.a(vector.o)
exti2_isr                                         ./libopencm3//lib/libopencm3_stm32f1.a(vector.o)
exti3_isr                                         ./libopencm3//lib/libopencm3_stm32f1.a(vector.o)
exti4_isr                                         ./libopencm3//lib/libopencm3_stm32f1.a(vector.o)
exti9_5_isr                                       ./libopencm3//lib/libopencm3_stm32f1.a(vector.o)
fctprintf                                         ./printf/printf.o
flash_isr                                         ./libopencm3//lib/libopencm3_stm32f1.a(vector.o)
flash_prefetch_disable                            ./libopencm3//lib/libopencm3_stm32f1.a(flash_common_all.o)
flash_prefetch_enable                             ./libopencm3//lib/libopencm3_stm32f1.a(flash_common_all.o)
flash_set_ws                                      ./libopencm3//lib/libopencm3_stm32f1.a(flash_common_all.o)
                                                  ./libopencm3//lib/libopencm3_stm32f1.a(rcc.o)
flash_unlock_option_bytes                         ./libopencm3//lib/libopencm3_stm32f1.a(flash_common_all.o)
frame                                             src/main.o
frame1                                            src/main.o
frame2                                            src/main.o
fsmc_isr                                          ./libopencm3//lib/libopencm3_stm32f1.a(vector.o)
gpio_clear                                        ./libopencm3//lib/libopencm3_stm32f1.a(gpio_common_all.o)
                                                  src/main.o
gpio_get                                          ./libopencm3//lib/libopencm3_stm32f1.a(gpio_common_all.o)
gpio_port_config_lock                             ./libopencm3//lib/libopencm3_stm32f1.a(gpio_common_all.o)
gpio_port_read                                    ./libopencm3//lib/libopencm3_stm32f1.a(gpio_common_all.o)
gpio_port_write                                   ./libopencm3//lib/libopencm3_stm32f1.a(gpio_common_all.o)
gpio_primary_remap                                ./libopencm3//lib/libopencm3_stm32f1.a(gpio.o)
                                                  src/can.o
gpio_secondary_remap                              ./libopencm3//lib/libopencm3_stm32f1.a(gpio.o)
gpio_set                                          ./libopencm3//lib/libopencm3_stm32f1.a(gpio_common_all.o)
                                                  src/can.o
                                                  src/main.o
gpio_set_eventout                                 ./libopencm3//lib/libopencm3_stm32f1.a(gpio.o)
gpio_set_mode                                     ./libopencm3//lib/libopencm3_stm32f1.a(gpio.o)
                                                  src/can.o
                                                  src/main.o
                                                  src/uart.o
gpio_toggle                                       ./libopencm3//lib/libopencm3_stm32f1.a(gpio_common_all.o)
hard_fault_handler                                ./libopencm3//lib/libopencm3_stm32f1.a(vector.o)
i2c1_er_isr                                       ./libopencm3//lib/libopencm3_stm32f1.a(vector.o)
i2c1_ev_isr                                       ./libopencm3//lib/libopencm3_stm32f1.a(vector.o)
i2c2_er_isr                                       ./libopencm3//lib/libopencm3_stm32f1.a(vector.o)
i2c2_ev_isr                                       ./libopencm3//lib/libopencm3_stm32f1.a(vector.o)
init()                                            src/main.o
loop()                                            src/main.o
main                                              src/main.o
                                                  ./libopencm3//lib/libopencm3_stm32f1.a(vector.o)
mem_manage_handler                                ./libopencm3//lib/libopencm3_stm32f1.a(vector.o)
memcpy                                            /usr/lib/gcc/arm-none-eabi/10.3.1/../../../arm-none-eabi/lib/thumb/v6-m/nofp/libc_nano.a(lib_a-memcpy-stub.o)
                                                  src/can.o
nmi_handler                                       ./libopencm3//lib/libopencm3_stm32f1.a(vector.o)
null_handler                                      ./libopencm3//lib/libopencm3_stm32f1.a(vector.o)
nvic_clear_pending_irq                            ./libopencm3//lib/libopencm3_stm32f1.a(nvic.o)
nvic_disable_irq                                  ./libopencm3//lib/libopencm3_stm32f1.a(nvic.o)
nvic_enable_irq                                   ./libopencm3//lib/libopencm3_stm32f1.a(nvic.o)
                                                  src/can.o
                                                  src/uart.o
nvic_generate_software_interrupt                  ./libopencm3//lib/libopencm3_stm32f1.a(nvic.o)
nvic_get_active_irq                               ./libopencm3//lib/libopencm3_stm32f1.a(nvic.o)
nvic_get_irq_enabled                              ./libopencm3//lib/libopencm3_stm32f1.a(nvic.o)
nvic_get_pending_irq                              ./libopencm3//lib/libopencm3_stm32f1.a(nvic.o)
nvic_set_pending_irq                              ./libopencm3//lib/libopencm3_stm32f1.a(nvic.o)
nvic_set_priority                                 ./libopencm3//lib/libopencm3_stm32f1.a(nvic.o)
                                                  src/can.o
otg_fs_isr                                        ./libopencm3//lib/libopencm3_stm32f1.a(vector.o)
pend_sv_handler                                   ./libopencm3//lib/libopencm3_stm32f1.a(vector.o)
printf_                                           ./printf/printf.o
                                                  src/can.o
                                                  src/main.o
pvd_isr                                           ./libopencm3//lib/libopencm3_stm32f1.a(vector.o)
rcc_ahb_frequency                                 ./libopencm3//lib/libopencm3_stm32f1.a(rcc.o)
rcc_apb1_frequency                                ./libopencm3//lib/libopencm3_stm32f1.a(rcc.o)
                                                  ./libopencm3//lib/libopencm3_stm32f1.a(usart_common_all.o)
rcc_apb2_frequency                                ./libopencm3//lib/libopencm3_stm32f1.a(rcc.o)
                                                  ./libopencm3//lib/libopencm3_stm32f1.a(usart_common_all.o)
rcc_backupdomain_reset                            ./libopencm3//lib/libopencm3_stm32f1.a(rcc.o)
rcc_clock_setup_in_hse_12mhz_out_72mhz            ./libopencm3//lib/libopencm3_stm32f1.a(rcc.o)
rcc_clock_setup_in_hse_16mhz_out_72mhz            ./libopencm3//lib/libopencm3_stm32f1.a(rcc.o)
rcc_clock_setup_in_hse_25mhz_out_72mhz            ./libopencm3//lib/libopencm3_stm32f1.a(rcc.o)
rcc_clock_setup_in_hse_8mhz_out_24mhz             ./libopencm3//lib/libopencm3_stm32f1.a(rcc.o)
rcc_clock_setup_in_hse_8mhz_out_72mhz             ./libopencm3//lib/libopencm3_stm32f1.a(rcc.o)
rcc_clock_setup_in_hsi_out_24mhz                  ./libopencm3//lib/libopencm3_stm32f1.a(rcc.o)
rcc_clock_setup_in_hsi_out_48mhz                  ./libopencm3//lib/libopencm3_stm32f1.a(rcc.o)
rcc_clock_setup_in_hsi_out_64mhz                  ./libopencm3//lib/libopencm3_stm32f1.a(rcc.o)
rcc_clock_setup_pll                               ./libopencm3//lib/libopencm3_stm32f1.a(rcc.o)
                                                  src/main.o
rcc_css_disable                                   ./libopencm3//lib/libopencm3_stm32f1.a(rcc.o)
rcc_css_enable                                    ./libopencm3//lib/libopencm3_stm32f1.a(rcc.o)
rcc_css_int_clear                                 ./libopencm3//lib/libopencm3_stm32f1.a(rcc.o)
rcc_css_int_flag                                  ./libopencm3//lib/libopencm3_stm32f1.a(rcc.o)
rcc_enable_rtc_clock                              ./libopencm3//lib/libopencm3_stm32f1.a(rcc.o)
rcc_get_div_from_hpre                             ./libopencm3//lib/libopencm3_stm32f1.a(rcc_common_all.o)
rcc_get_i2c_clk_freq                              ./libopencm3//lib/libopencm3_stm32f1.a(rcc.o)
rcc_get_timer_clk_freq                            ./libopencm3//lib/libopencm3_stm32f1.a(rcc.o)
rcc_get_usart_clk_freq                            ./libopencm3//lib/libopencm3_stm32f1.a(rcc.o)
rcc_hse_configs                                   ./libopencm3//lib/libopencm3_stm32f1.a(rcc.o)
                                                  src/main.o
rcc_hsi_configs                                   ./libopencm3//lib/libopencm3_stm32f1.a(rcc.o)
rcc_is_osc_ready                                  ./libopencm3//lib/libopencm3_stm32f1.a(rcc.o)
rcc_isr                                           ./libopencm3//lib/libopencm3_stm32f1.a(vector.o)
rcc_osc_bypass_disable                            ./libopencm3//lib/libopencm3_stm32f1.a(rcc_common_all.o)
rcc_osc_bypass_enable                             ./libopencm3//lib/libopencm3_stm32f1.a(rcc_common_all.o)
rcc_osc_off                                       ./libopencm3//lib/libopencm3_stm32f1.a(rcc.o)
rcc_osc_on                                        ./libopencm3//lib/libopencm3_stm32f1.a(rcc.o)
rcc_osc_ready_int_clear                           ./libopencm3//lib/libopencm3_stm32f1.a(rcc.o)
rcc_osc_ready_int_disable                         ./libopencm3//lib/libopencm3_stm32f1.a(rcc.o)
rcc_osc_ready_int_enable                          ./libopencm3//lib/libopencm3_stm32f1.a(rcc.o)
rcc_osc_ready_int_flag                            ./libopencm3//lib/libopencm3_stm32f1.a(rcc.o)
rcc_periph_clock_disable                          ./libopencm3//lib/libopencm3_stm32f1.a(rcc_common_all.o)
rcc_periph_clock_enable                           ./libopencm3//lib/libopencm3_stm32f1.a(rcc_common_all.o)
                                                  src/can.o
                                                  src/main.o
                                                  src/uart.o
rcc_periph_reset_hold                             ./libopencm3//lib/libopencm3_stm32f1.a(rcc_common_all.o)
rcc_periph_reset_pulse                            ./libopencm3//lib/libopencm3_stm32f1.a(rcc_common_all.o)
                                                  ./libopencm3//lib/libopencm3_stm32f1.a(can.o)
rcc_periph_reset_release                          ./libopencm3//lib/libopencm3_stm32f1.a(rcc_common_all.o)
rcc_peripheral_clear_reset                        ./libopencm3//lib/libopencm3_stm32f1.a(rcc_common_all.o)
rcc_peripheral_disable_clock                      ./libopencm3//lib/libopencm3_stm32f1.a(rcc_common_all.o)
rcc_peripheral_enable_clock                       ./libopencm3//lib/libopencm3_stm32f1.a(rcc_common_all.o)
rcc_peripheral_reset                              ./libopencm3//lib/libopencm3_stm32f1.a(rcc_common_all.o)
rcc_rtc_clock_enabled_flag                        ./libopencm3//lib/libopencm3_stm32f1.a(rcc.o)
rcc_set_adcpre                                    ./libopencm3//lib/libopencm3_stm32f1.a(rcc.o)
rcc_set_hpre                                      ./libopencm3//lib/libopencm3_stm32f1.a(rcc.o)
rcc_set_mco                                       ./libopencm3//lib/libopencm3_stm32f1.a(rcc_common_all.o)
rcc_set_pll2_multiplication_factor                ./libopencm3//lib/libopencm3_stm32f1.a(rcc.o)
rcc_set_pll3_multiplication_factor                ./libopencm3//lib/libopencm3_stm32f1.a(rcc.o)
rcc_set_pll_multiplication_factor                 ./libopencm3//lib/libopencm3_stm32f1.a(rcc.o)
rcc_set_pll_source                                ./libopencm3//lib/libopencm3_stm32f1.a(rcc.o)
rcc_set_pllxtpre                                  ./libopencm3//lib/libopencm3_stm32f1.a(rcc.o)
rcc_set_ppre1                                     ./libopencm3//lib/libopencm3_stm32f1.a(rcc.o)
rcc_set_ppre2                                     ./libopencm3//lib/libopencm3_stm32f1.a(rcc.o)
rcc_set_prediv1                                   ./libopencm3//lib/libopencm3_stm32f1.a(rcc.o)
rcc_set_prediv1_source                            ./libopencm3//lib/libopencm3_stm32f1.a(rcc.o)
rcc_set_prediv2                                   ./libopencm3//lib/libopencm3_stm32f1.a(rcc.o)
rcc_set_rtc_clock_source                          ./libopencm3//lib/libopencm3_stm32f1.a(rcc.o)
rcc_set_sysclk_source                             ./libopencm3//lib/libopencm3_stm32f1.a(rcc.o)
rcc_set_usbpre                                    ./libopencm3//lib/libopencm3_stm32f1.a(rcc.o)
rcc_system_clock_source                           ./libopencm3//lib/libopencm3_stm32f1.a(rcc.o)
rcc_wait_for_osc_ready                            ./libopencm3//lib/libopencm3_stm32f1.a(rcc.o)
reset_handler                                     ./libopencm3//lib/libopencm3_stm32f1.a(vector.o)
rtc_alarm_isr                                     ./libopencm3//lib/libopencm3_stm32f1.a(vector.o)
rtc_isr                                           ./libopencm3//lib/libopencm3_stm32f1.a(vector.o)
sdio_isr                                          ./libopencm3//lib/libopencm3_stm32f1.a(vector.o)
snprintf_                                         ./printf/printf.o
spi1_isr                                          ./libopencm3//lib/libopencm3_stm32f1.a(vector.o)
spi2_isr                                          ./libopencm3//lib/libopencm3_stm32f1.a(vector.o)
spi3_isr                                          ./libopencm3//lib/libopencm3_stm32f1.a(vector.o)
sprintf_                                          ./printf/printf.o
sv_call_handler                                   ./libopencm3//lib/libopencm3_stm32f1.a(vector.o)
sys_tick_handler                                  ./libopencm3//lib/libopencm3_stm32f1.a(vector.o)
tamper_isr                                        ./libopencm3//lib/libopencm3_stm32f1.a(vector.o)
tim1_brk_isr                                      ./libopencm3//lib/libopencm3_stm32f1.a(vector.o)
tim1_cc_isr                                       ./libopencm3//lib/libopencm3_stm32f1.a(vector.o)
tim1_trg_com_isr                                  ./libopencm3//lib/libopencm3_stm32f1.a(vector.o)
tim1_up_isr                                       ./libopencm3//lib/libopencm3_stm32f1.a(vector.o)
tim2_isr                                          ./libopencm3//lib/libopencm3_stm32f1.a(vector.o)
tim3_isr                                          ./libopencm3//lib/libopencm3_stm32f1.a(vector.o)
tim4_isr                                          ./libopencm3//lib/libopencm3_stm32f1.a(vector.o)
tim5_isr                                          ./libopencm3//lib/libopencm3_stm32f1.a(vector.o)
tim6_isr                                          ./libopencm3//lib/libopencm3_stm32f1.a(vector.o)
tim7_isr                                          ./libopencm3//lib/libopencm3_stm32f1.a(vector.o)
tim8_brk_isr                                      ./libopencm3//lib/libopencm3_stm32f1.a(vector.o)
tim8_cc_isr                                       ./libopencm3//lib/libopencm3_stm32f1.a(vector.o)
tim8_trg_com_isr                                  ./libopencm3//lib/libopencm3_stm32f1.a(vector.o)
tim8_up_isr                                       ./libopencm3//lib/libopencm3_stm32f1.a(vector.o)
uart4_isr                                         ./libopencm3//lib/libopencm3_stm32f1.a(vector.o)
uart5_isr                                         ./libopencm3//lib/libopencm3_stm32f1.a(vector.o)
usage_fault_handler                               ./libopencm3//lib/libopencm3_stm32f1.a(vector.o)
usart1_isr                                        ./libopencm3//lib/libopencm3_stm32f1.a(vector.o)
usart2_isr                                        src/uart.o
usart3_isr                                        ./libopencm3//lib/libopencm3_stm32f1.a(vector.o)
usart_disable                                     ./libopencm3//lib/libopencm3_stm32f1.a(usart_common_all.o)
usart_disable_error_interrupt                     ./libopencm3//lib/libopencm3_stm32f1.a(usart_common_all.o)
usart_disable_idle_interrupt                      ./libopencm3//lib/libopencm3_stm32f1.a(usart_common_all.o)
usart_disable_rx_dma                              ./libopencm3//lib/libopencm3_stm32f1.a(usart_common_all.o)
usart_disable_rx_interrupt                        ./libopencm3//lib/libopencm3_stm32f1.a(usart_common_all.o)
usart_disable_tx_complete_interrupt               ./libopencm3//lib/libopencm3_stm32f1.a(usart_common_all.o)
usart_disable_tx_dma                              ./libopencm3//lib/libopencm3_stm32f1.a(usart_common_all.o)
usart_disable_tx_interrupt                        ./libopencm3//lib/libopencm3_stm32f1.a(usart_common_all.o)
                                                  src/uart.o
usart_enable                                      ./libopencm3//lib/libopencm3_stm32f1.a(usart_common_all.o)
                                                  src/uart.o
usart_enable_error_interrupt                      ./libopencm3//lib/libopencm3_stm32f1.a(usart_common_all.o)
usart_enable_idle_interrupt                       ./libopencm3//lib/libopencm3_stm32f1.a(usart_common_all.o)
usart_enable_rx_dma                               ./libopencm3//lib/libopencm3_stm32f1.a(usart_common_all.o)
usart_enable_rx_interrupt                         ./libopencm3//lib/libopencm3_stm32f1.a(usart_common_all.o)
                                                  src/uart.o
usart_enable_tx_complete_interrupt                ./libopencm3//lib/libopencm3_stm32f1.a(usart_common_all.o)
usart_enable_tx_dma                               ./libopencm3//lib/libopencm3_stm32f1.a(usart_common_all.o)
usart_enable_tx_interrupt                         ./libopencm3//lib/libopencm3_stm32f1.a(usart_common_all.o)
                                                  src/uart.o
usart_get_flag                                    ./libopencm3//lib/libopencm3_stm32f1.a(usart_common_f124.o)
                                                  src/uart.o
usart_recv                                        ./libopencm3//lib/libopencm3_stm32f1.a(usart_common_f124.o)
                                                  ./libopencm3//lib/libopencm3_stm32f1.a(usart_common_all.o)
                                                  src/uart.o
usart_recv_blocking                               ./libopencm3//lib/libopencm3_stm32f1.a(usart_common_all.o)
usart_send                                        ./libopencm3//lib/libopencm3_stm32f1.a(usart_common_f124.o)
                                                  ./libopencm3//lib/libopencm3_stm32f1.a(usart_common_all.o)
                                                  src/uart.o
usart_send_blocking                               ./libopencm3//lib/libopencm3_stm32f1.a(usart_common_all.o)
usart_set_baudrate                                ./libopencm3//lib/libopencm3_stm32f1.a(usart_common_all.o)
                                                  src/uart.o
usart_set_databits                                ./libopencm3//lib/libopencm3_stm32f1.a(usart_common_all.o)
                                                  src/uart.o
usart_set_flow_control                            ./libopencm3//lib/libopencm3_stm32f1.a(usart_common_all.o)
                                                  src/uart.o
usart_set_mode                                    ./libopencm3//lib/libopencm3_stm32f1.a(usart_common_all.o)
                                                  src/uart.o
usart_set_parity                                  ./libopencm3//lib/libopencm3_stm32f1.a(usart_common_all.o)
                                                  src/uart.o
usart_set_stopbits                                ./libopencm3//lib/libopencm3_stm32f1.a(usart_common_all.o)
                                                  src/uart.o
usart_wait_recv_ready                             ./libopencm3//lib/libopencm3_stm32f1.a(usart_common_f124.o)
                                                  ./libopencm3//lib/libopencm3_stm32f1.a(usart_common_all.o)
usart_wait_send_ready                             ./libopencm3//lib/libopencm3_stm32f1.a(usart_common_f124.o)
                                                  ./libopencm3//lib/libopencm3_stm32f1.a(usart_common_all.o)
usb_hp_can_tx_isr                                 ./libopencm3//lib/libopencm3_stm32f1.a(vector.o)
usb_lp_can_rx0_isr                                src/can.o
usb_wakeup_isr                                    ./libopencm3//lib/libopencm3_stm32f1.a(vector.o)
vector_table                                      ./libopencm3//lib/libopencm3_stm32f1.a(vector.o)
vsnprintf_                                        ./printf/printf.o
wwdg_isr                                          ./libopencm3//lib/libopencm3_stm32f1.a(vector.o)
