Archive member included to satisfy reference by file (symbol)

./libopencm3//lib/libopencm3_stm32f1.a(can.o)
                              src/can.o (can_reset)
./libopencm3//lib/libopencm3_stm32f1.a(gpio.o)
                              src/uart.o (gpio_set_mode)
./libopencm3//lib/libopencm3_stm32f1.a(gpio_common_all.o)
                              src/main.o (gpio_set)
./libopencm3//lib/libopencm3_stm32f1.a(rcc.o)
                              src/main.o (rcc_clock_setup_pll)
./libopencm3//lib/libopencm3_stm32f1.a(rcc_common_all.o)
                              src/uart.o (rcc_periph_clock_enable)
./libopencm3//lib/libopencm3_stm32f1.a(usart_common_all.o)
                              src/uart.o (usart_set_baudrate)
./libopencm3//lib/libopencm3_stm32f1.a(usart_common_f124.o)
                              src/uart.o (usart_send)
./libopencm3//lib/libopencm3_stm32f1.a(vector.o)
                              (reset_handler)
./libopencm3//lib/libopencm3_stm32f1.a(nvic.o)
                              src/uart.o (nvic_enable_irq)
./libopencm3//lib/libopencm3_stm32f1.a(assert.o)
                              ./libopencm3//lib/libopencm3_stm32f1.a(rcc.o) (cm3_assert_failed)
./libopencm3//lib/libopencm3_stm32f1.a(flash_common_all.o)
                              ./libopencm3//lib/libopencm3_stm32f1.a(rcc.o) (flash_set_ws)
/usr/lib/gcc/arm-none-eabi/10.3.1/../../../arm-none-eabi/lib/thumb/v6-m/nofp/libc_nano.a(lib_a-memcpy-stub.o)
                              src/can.o (memcpy)
/usr/lib/gcc/arm-none-eabi/10.3.1/thumb/v6-m/nofp/libgcc.a(_thumb1_case_uhi.o)
                              ./printf/printf.o (__gnu_thumb1_case_uhi)
/usr/lib/gcc/arm-none-eabi/10.3.1/thumb/v6-m/nofp/libgcc.a(_udivsi3.o)
                              ./printf/printf.o (__aeabi_uidivmod)
/usr/lib/gcc/arm-none-eabi/10.3.1/thumb/v6-m/nofp/libgcc.a(_dvmd_tls.o)
                              /usr/lib/gcc/arm-none-eabi/10.3.1/thumb/v6-m/nofp/libgcc.a(_udivsi3.o) (__aeabi_idiv0)
/usr/lib/gcc/arm-none-eabi/10.3.1/thumb/v6-m/nofp/libgcc.a(_aeabi_uldivmod.o)
                              ./printf/printf.o (__aeabi_uldivmod)
/usr/lib/gcc/arm-none-eabi/10.3.1/thumb/v6-m/nofp/libgcc.a(_udivmoddi4.o)
                              /usr/lib/gcc/arm-none-eabi/10.3.1/thumb/v6-m/nofp/libgcc.a(_aeabi_uldivmod.o) (__udivmoddi4)
/usr/lib/gcc/arm-none-eabi/10.3.1/thumb/v6-m/nofp/libgcc.a(_clzdi2.o)
                              /usr/lib/gcc/arm-none-eabi/10.3.1/thumb/v6-m/nofp/libgcc.a(_udivmoddi4.o) (__clzdi2)
/usr/lib/gcc/arm-none-eabi/10.3.1/thumb/v6-m/nofp/libgcc.a(_clzsi2.o)
                              /usr/lib/gcc/arm-none-eabi/10.3.1/thumb/v6-m/nofp/libgcc.a(_clzdi2.o) (__clzsi2)

Discarded input sections

 .group         0x0000000000000000        0xc src/uart.o
 .group         0x0000000000000000        0xc src/uart.o
 .group         0x0000000000000000        0xc src/uart.o
 .group         0x0000000000000000        0xc src/uart.o
 .group         0x0000000000000000        0xc src/uart.o
 .group         0x0000000000000000        0xc src/uart.o
 .group         0x0000000000000000        0xc src/uart.o
 .group         0x0000000000000000        0xc src/uart.o
 .group         0x0000000000000000        0xc src/uart.o
 .group         0x0000000000000000        0xc src/uart.o
 .group         0x0000000000000000        0xc src/uart.o
 .group         0x0000000000000000        0xc src/uart.o
 .group         0x0000000000000000        0xc src/uart.o
 .group         0x0000000000000000        0xc src/uart.o
 .group         0x0000000000000000        0xc src/uart.o
 .group         0x0000000000000000        0xc src/uart.o
 .group         0x0000000000000000        0xc src/uart.o
 .group         0x0000000000000000        0xc src/uart.o
 .group         0x0000000000000000        0xc src/uart.o
 .group         0x0000000000000000        0xc src/uart.o
 .group         0x0000000000000000        0xc src/uart.o
 .group         0x0000000000000000        0xc src/uart.o
 .group         0x0000000000000000        0xc src/uart.o
 .group         0x0000000000000000        0xc src/uart.o
 .group         0x0000000000000000        0xc src/uart.o
 .group         0x0000000000000000        0xc src/uart.o
 .group         0x0000000000000000        0xc src/uart.o
 .group         0x0000000000000000        0xc src/uart.o
 .group         0x0000000000000000        0xc src/uart.o
 .group         0x0000000000000000        0xc src/uart.o
 .group         0x0000000000000000        0xc src/uart.o
 .group         0x0000000000000000        0xc src/uart.o
 .group         0x0000000000000000        0xc src/uart.o
 .group         0x0000000000000000        0xc src/uart.o
 .group         0x0000000000000000        0xc src/uart.o
 .group         0x0000000000000000        0xc src/uart.o
 .group         0x0000000000000000        0xc src/uart.o
 .group         0x0000000000000000        0xc src/uart.o
 .group         0x0000000000000000        0xc src/uart.o
 .group         0x0000000000000000        0xc src/uart.o
[...]
Memory Configuration

Name             Origin             Length             Attributes
rom              0x0000000008000000 0x0000000000008000 xr
ram              0x0000000020000000 0x0000000000002800 xrw
*default*        0x0000000000000000 0xffffffffffffffff

Linker script and memory map

LOAD src/uart.o
LOAD src/main.o
LOAD src/can.o
LOAD ./printf/printf.o
LOAD ./libopencm3//lib/libopencm3_stm32f1.a
START GROUP
LOAD /usr/lib/gcc/arm-none-eabi/10.3.1/../../../arm-none-eabi/lib/thumb/v6-m/nofp/libc_nano.a
LOAD /usr/lib/gcc/arm-none-eabi/10.3.1/thumb/v6-m/nofp/libgcc.a
LOAD /usr/lib/gcc/arm-none-eabi/10.3.1/../../../arm-none-eabi/lib/thumb/v6-m/nofp/libstdc++_nano.a
LOAD /usr/lib/gcc/arm-none-eabi/10.3.1/../../../arm-none-eabi/lib/thumb/v6-m/nofp/libnosys.a
END GROUP
LOAD /usr/lib/gcc/arm-none-eabi/10.3.1/../../../arm-none-eabi/lib/thumb/v6-m/nofp/libm.a
START GROUP
LOAD /usr/lib/gcc/arm-none-eabi/10.3.1/thumb/v6-m/nofp/libgcc.a
LOAD /usr/lib/gcc/arm-none-eabi/10.3.1/../../../arm-none-eabi/lib/thumb/v6-m/nofp/libg_nano.a
LOAD /usr/lib/gcc/arm-none-eabi/10.3.1/../../../arm-none-eabi/lib/thumb/v6-m/nofp/libc_nano.a
END GROUP
START GROUP
LOAD /usr/lib/gcc/arm-none-eabi/10.3.1/thumb/v6-m/nofp/libgcc.a
LOAD /usr/lib/gcc/arm-none-eabi/10.3.1/../../../arm-none-eabi/lib/thumb/v6-m/nofp/libc_nano.a
END GROUP

.text           0x0000000008000000     0x1bc8
 *(.vectors)
 .vectors       0x0000000008000000      0x150 ./libopencm3//lib/libopencm3_stm32f1.a(vector.o)
                0x0000000008000000                vector_table
 *(.text*)
 .text._ZN5QueueIcLi256EE4pushEc.isra.0
                0x0000000008000150       0x2a src/uart.o
 *fill*         0x000000000800017a        0x2 
 .text._ZN4Uart4initEv
                0x000000000800017c       0x7c src/uart.o
                0x000000000800017c                Uart::init()
 .text._ZN4Uart3putEc
                0x00000000080001f8       0x1c src/uart.o
                0x00000000080001f8                Uart::put(char)
 .text._ZN4Uart3getEPc
                0x0000000008000214       0x34 src/uart.o
                0x0000000008000214                Uart::get(char*)
 .text._ZN4Uart3isrEv
                0x0000000008000248       0x68 src/uart.o
                0x0000000008000248                Uart::isr()
 .text._putchar
                0x00000000080002b0       0x16 src/uart.o
                0x00000000080002b0                _putchar
 .text.usart2_isr
                0x00000000080002c6        0x8 src/uart.o
                0x00000000080002c6                usart2_isr
 *fill*         0x00000000080002ce        0x2 
 .text.startup._GLOBAL__sub_I__ZN4Uart4initEv
                0x00000000080002d0       0x1c src/uart.o
 .text._Z4initv
                0x00000000080002ec       0x58 src/main.o
                0x00000000080002ec                init()
 .text._Z4loopv
                0x0000000008000344       0xe8 src/main.o
                0x0000000008000344                loop()
 .text.startup.main
                0x000000000800042c        0xc src/main.o
                0x000000000800042c                main
 .text._ZN3CAN4initEv
                0x0000000008000438       0xd8 src/can.o
                0x0000000008000438                CAN::init()
 .text._ZN3CAN8transmitERNS_5FrameE
                0x0000000008000510       0x3c src/can.o
                0x0000000008000510                CAN::transmit(CAN::Frame&)
 .text._ZN3CAN7receiveEh
                0x000000000800054c       0x9c src/can.o
                0x000000000800054c                CAN::receive(unsigned char)
 .text._ZN3CAN3isrEv
                0x00000000080005e8       0x28 src/can.o
                0x00000000080005e8                CAN::isr()
 .text._ZN3CAN3popERNS_5FrameE
                0x0000000008000610       0x64 src/can.o
                0x0000000008000610                CAN::pop(CAN::Frame&)
 .text.can_rx1_isr
                0x0000000008000674        0x8 src/can.o
                0x0000000008000674                can_rx1_isr
 .text.usb_lp_can_rx0_isr
                0x000000000800067c        0x8 src/can.o
                0x000000000800067c                usb_lp_can_rx0_isr
 .text.startup._GLOBAL__sub_I__ZN3CAN4initEv
                0x0000000008000684       0x34 src/can.o
 .text._out_null
                0x00000000080006b8        0x2 ./printf/printf.o
 .text._ntoa_format
                0x00000000080006ba      0x156 ./printf/printf.o
 .text._ntoa_long
                0x0000000008000810       0x94 ./printf/printf.o
 .text._ntoa_long_long
                0x00000000080008a4       0xbe ./printf/printf.o
 .text._out_char
                0x0000000008000962        0xc ./printf/printf.o
 *fill*         0x000000000800096e        0x2 
 .text._vsnprintf
                0x0000000008000970      0x4c4 ./printf/printf.o
 .text.printf_  0x0000000008000e34       0x24 ./printf/printf.o
                0x0000000008000e34                printf_
 .text.can_reset
                0x0000000008000e58       0x18 ./libopencm3//lib/libopencm3_stm32f1.a(can.o)
                0x0000000008000e58                can_reset
 .text.can_init
                0x0000000008000e70      0x12a ./libopencm3//lib/libopencm3_stm32f1.a(can.o)
                0x0000000008000e70                can_init
 *fill*         0x0000000008000f9a        0x2 
 .text.can_filter_init
                0x0000000008000f9c       0x9c ./libopencm3//lib/libopencm3_stm32f1.a(can.o)
                0x0000000008000f9c                can_filter_init
 .text.can_filter_id_mask_16bit_init
                0x0000000008001038       0x20 ./libopencm3//lib/libopencm3_stm32f1.a(can.o)
                0x0000000008001038                can_filter_id_mask_16bit_init
 .text.can_enable_irq
                0x0000000008001058        0x8 ./libopencm3//lib/libopencm3_stm32f1.a(can.o)
                0x0000000008001058                can_enable_irq
 .text.can_transmit
                0x0000000008001060       0xca ./libopencm3//lib/libopencm3_stm32f1.a(can.o)
                0x0000000008001060                can_transmit
 .text.can_fifo_release
                0x000000000800112a       0x16 ./libopencm3//lib/libopencm3_stm32f1.a(can.o)
                0x000000000800112a                can_fifo_release
 .text.can_receive
                0x0000000008001140       0xae ./libopencm3//lib/libopencm3_stm32f1.a(can.o)
                0x0000000008001140                can_receive
 .text.gpio_set_mode
                0x00000000080011ee       0x5e ./libopencm3//lib/libopencm3_stm32f1.a(gpio.o)
                0x00000000080011ee                gpio_set_mode
 .text.gpio_primary_remap
                0x000000000800124c       0x14 ./libopencm3//lib/libopencm3_stm32f1.a(gpio.o)
                0x000000000800124c                gpio_primary_remap
 .text.gpio_set
                0x0000000008001260        0x4 ./libopencm3//lib/libopencm3_stm32f1.a(gpio_common_all.o)
                0x0000000008001260                gpio_set
 .text.gpio_clear
                0x0000000008001264        0x6 ./libopencm3//lib/libopencm3_stm32f1.a(gpio_common_all.o)
                0x0000000008001264                gpio_clear
 *fill*         0x000000000800126a        0x2 
 .text.rcc_is_osc_ready
                0x000000000800126c       0x58 ./libopencm3//lib/libopencm3_stm32f1.a(rcc.o)
                0x000000000800126c                rcc_is_osc_ready
 .text.rcc_wait_for_osc_ready
                0x00000000080012c4       0x10 ./libopencm3//lib/libopencm3_stm32f1.a(rcc.o)
                0x00000000080012c4                rcc_wait_for_osc_ready
 .text.rcc_osc_on
                0x00000000080012d4       0x60 ./libopencm3//lib/libopencm3_stm32f1.a(rcc.o)
                0x00000000080012d4                rcc_osc_on
 .text.rcc_set_sysclk_source
                0x0000000008001334       0x14 ./libopencm3//lib/libopencm3_stm32f1.a(rcc.o)
                0x0000000008001334                rcc_set_sysclk_source
 .text.rcc_set_pll_multiplication_factor
                0x0000000008001348       0x14 ./libopencm3//lib/libopencm3_stm32f1.a(rcc.o)
                0x0000000008001348                rcc_set_pll_multiplication_factor
 .text.rcc_set_pll2_multiplication_factor
                0x000000000800135c       0x14 ./libopencm3//lib/libopencm3_stm32f1.a(rcc.o)
                0x000000000800135c                rcc_set_pll2_multiplication_factor
 .text.rcc_set_pll3_multiplication_factor
                0x0000000008001370       0x14 ./libopencm3//lib/libopencm3_stm32f1.a(rcc.o)
                0x0000000008001370                rcc_set_pll3_multiplication_factor
 .text.rcc_set_pll_source
                0x0000000008001384       0x14 ./libopencm3//lib/libopencm3_stm32f1.a(rcc.o)
                0x0000000008001384                rcc_set_pll_source
 .text.rcc_set_pllxtpre
                0x0000000008001398       0x14 ./libopencm3//lib/libopencm3_stm32f1.a(rcc.o)
                0x0000000008001398                rcc_set_pllxtpre
 .text.rcc_set_adcpre
                0x00000000080013ac       0x14 ./libopencm3//lib/libopencm3_stm32f1.a(rcc.o)
                0x00000000080013ac                rcc_set_adcpre
 .text.rcc_set_ppre2
                0x00000000080013c0       0x14 ./libopencm3//lib/libopencm3_stm32f1.a(rcc.o)
                0x00000000080013c0                rcc_set_ppre2
 .text.rcc_set_ppre1
                0x00000000080013d4       0x14 ./libopencm3//lib/libopencm3_stm32f1.a(rcc.o)
                0x00000000080013d4                rcc_set_ppre1
 .text.rcc_set_hpre
                0x00000000080013e8       0x14 ./libopencm3//lib/libopencm3_stm32f1.a(rcc.o)
                0x00000000080013e8                rcc_set_hpre
 .text.rcc_set_usbpre
                0x00000000080013fc       0x18 ./libopencm3//lib/libopencm3_stm32f1.a(rcc.o)
                0x00000000080013fc                rcc_set_usbpre
 .text.rcc_set_prediv1
                0x0000000008001414       0x14 ./libopencm3//lib/libopencm3_stm32f1.a(rcc.o)
                0x0000000008001414                rcc_set_prediv1
 .text.rcc_set_prediv2
                0x0000000008001428       0x14 ./libopencm3//lib/libopencm3_stm32f1.a(rcc.o)
                0x0000000008001428                rcc_set_prediv2
 .text.rcc_set_prediv1_source
                0x000000000800143c       0x18 ./libopencm3//lib/libopencm3_stm32f1.a(rcc.o)
                0x000000000800143c                rcc_set_prediv1_source
 .text.rcc_clock_setup_pll
                0x0000000008001454       0xbc ./libopencm3//lib/libopencm3_stm32f1.a(rcc.o)
                0x0000000008001454                rcc_clock_setup_pll
 .text.rcc_periph_clock_enable
                0x0000000008001510       0x1c ./libopencm3//lib/libopencm3_stm32f1.a(rcc_common_all.o)
                0x0000000008001510                rcc_periph_clock_enable
 .text.rcc_periph_reset_pulse
                0x000000000800152c       0x24 ./libopencm3//lib/libopencm3_stm32f1.a(rcc_common_all.o)
                0x000000000800152c                rcc_periph_reset_pulse
 .text.usart_set_baudrate
                0x0000000008001550       0x28 ./libopencm3//lib/libopencm3_stm32f1.a(usart_common_all.o)
                0x0000000008001550                usart_set_baudrate
 .text.usart_set_databits
                0x0000000008001578       0x12 ./libopencm3//lib/libopencm3_stm32f1.a(usart_common_all.o)
                0x0000000008001578                usart_set_databits
 .text.usart_set_stopbits
                0x000000000800158a        0xc ./libopencm3//lib/libopencm3_stm32f1.a(usart_common_all.o)
                0x000000000800158a                usart_set_stopbits
 .text.usart_set_parity
                0x0000000008001596        0xc ./libopencm3//lib/libopencm3_stm32f1.a(usart_common_all.o)
                0x0000000008001596                usart_set_parity
 .text.usart_set_mode
                0x00000000080015a2        0xc ./libopencm3//lib/libopencm3_stm32f1.a(usart_common_all.o)
                0x00000000080015a2                usart_set_mode
 .text.usart_set_flow_control
                0x00000000080015ae        0xc ./libopencm3//lib/libopencm3_stm32f1.a(usart_common_all.o)
                0x00000000080015ae                usart_set_flow_control
 .text.usart_enable
                0x00000000080015ba        0xa ./libopencm3//lib/libopencm3_stm32f1.a(usart_common_all.o)
                0x00000000080015ba                usart_enable
 .text.usart_enable_rx_interrupt
                0x00000000080015c4        0xa ./libopencm3//lib/libopencm3_stm32f1.a(usart_common_all.o)
                0x00000000080015c4                usart_enable_rx_interrupt
 .text.usart_enable_tx_interrupt
                0x00000000080015ce        0xa ./libopencm3//lib/libopencm3_stm32f1.a(usart_common_all.o)
                0x00000000080015ce                usart_enable_tx_interrupt
 .text.usart_disable_tx_interrupt
                0x00000000080015d8        0xa ./libopencm3//lib/libopencm3_stm32f1.a(usart_common_all.o)
                0x00000000080015d8                usart_disable_tx_interrupt
 .text.usart_send
                0x00000000080015e2        0x8 ./libopencm3//lib/libopencm3_stm32f1.a(usart_common_f124.o)
                0x00000000080015e2                usart_send
 .text.usart_recv
                0x00000000080015ea        0x8 ./libopencm3//lib/libopencm3_stm32f1.a(usart_common_f124.o)
                0x00000000080015ea                usart_recv
 .text.usart_get_flag
                0x00000000080015f2        0xc ./libopencm3//lib/libopencm3_stm32f1.a(usart_common_f124.o)
                0x00000000080015f2                usart_get_flag
 .text.blocking_handler
                0x00000000080015fe        0x2 ./libopencm3//lib/libopencm3_stm32f1.a(vector.o)
                0x00000000080015fe                usart3_isr
                0x00000000080015fe                rtc_isr
                0x00000000080015fe                tim7_isr
                0x00000000080015fe                adc1_2_isr
                0x00000000080015fe                tim1_trg_com_isr
                0x00000000080015fe                usb_hp_can_tx_isr
                0x00000000080015fe                tim6_isr
                0x00000000080015fe                usb_wakeup_isr
                0x00000000080015fe                blocking_handler
                0x00000000080015fe                tim5_isr
                0x00000000080015fe                otg_fs_isr
                0x00000000080015fe                spi1_isr
                0x00000000080015fe                exti2_isr
                0x00000000080015fe                dma1_channel6_isr
                0x00000000080015fe                dma1_channel5_isr
                0x00000000080015fe                dma2_channel5_isr
                0x00000000080015fe                usart1_isr
                0x00000000080015fe                usage_fault_handler
                0x00000000080015fe                tim8_trg_com_isr
                0x00000000080015fe                can2_rx0_isr
                0x00000000080015fe                tim1_brk_isr
                0x00000000080015fe                can2_rx1_isr
                0x00000000080015fe                tim1_cc_isr
                0x00000000080015fe                sdio_isr
                0x00000000080015fe                eth_isr
                0x00000000080015fe                dma1_channel4_isr
                0x00000000080015fe                tim8_brk_isr
                0x00000000080015fe                dma2_channel4_5_isr
                0x00000000080015fe                pvd_isr
                0x00000000080015fe                rcc_isr
                0x00000000080015fe                flash_isr
                0x00000000080015fe                uart4_isr
                0x00000000080015fe                rtc_alarm_isr
                0x00000000080015fe                exti15_10_isr
                0x00000000080015fe                hard_fault_handler
                0x00000000080015fe                exti1_isr
                0x00000000080015fe                i2c1_ev_isr
                0x00000000080015fe                dma2_channel1_isr
                0x00000000080015fe                spi2_isr
                0x00000000080015fe                tim8_up_isr
                0x00000000080015fe                dma2_channel2_isr
                0x00000000080015fe                exti3_isr
                0x00000000080015fe                adc3_isr
                0x00000000080015fe                tim3_isr
                0x00000000080015fe                i2c2_er_isr
                0x00000000080015fe                i2c2_ev_isr
                0x00000000080015fe                uart5_isr
                0x00000000080015fe                fsmc_isr
                0x00000000080015fe                dma1_channel1_isr
                0x00000000080015fe                exti4_isr
                0x00000000080015fe                mem_manage_handler
                0x00000000080015fe                can2_tx_isr
                0x00000000080015fe                exti9_5_isr
                0x00000000080015fe                dma2_channel3_isr
                0x00000000080015fe                dma1_channel7_isr
                0x00000000080015fe                tim1_up_isr
                0x00000000080015fe                can2_sce_isr
                0x00000000080015fe                tim4_isr
                0x00000000080015fe                dma1_channel2_isr
                0x00000000080015fe                i2c1_er_isr
                0x00000000080015fe                can_sce_isr
                0x00000000080015fe                tim8_cc_isr
                0x00000000080015fe                tamper_isr
                0x00000000080015fe                eth_wkup_isr
                0x00000000080015fe                bus_fault_handler
                0x00000000080015fe                wwdg_isr
                0x00000000080015fe                dma1_channel3_isr
                0x00000000080015fe                spi3_isr
                0x00000000080015fe                tim2_isr
                0x00000000080015fe                exti0_isr
 .text.null_handler
                0x0000000008001600        0x2 ./libopencm3//lib/libopencm3_stm32f1.a(vector.o)
                0x0000000008001600                null_handler
                0x0000000008001600                sv_call_handler
                0x0000000008001600                pend_sv_handler
                0x0000000008001600                debug_monitor_handler
                0x0000000008001600                sys_tick_handler
                0x0000000008001600                nmi_handler
 *fill*         0x0000000008001602        0x2 
 .text.reset_handler
                0x0000000008001604       0x94 ./libopencm3//lib/libopencm3_stm32f1.a(vector.o)
                0x0000000008001604                reset_handler
 .text.nvic_enable_irq
                0x0000000008001698       0x1a ./libopencm3//lib/libopencm3_stm32f1.a(nvic.o)
                0x0000000008001698                nvic_enable_irq
 *fill*         0x00000000080016b2        0x2 
 .text.nvic_set_priority
                0x00000000080016b4       0x20 ./libopencm3//lib/libopencm3_stm32f1.a(nvic.o)
                0x00000000080016b4                nvic_set_priority
 .text.flash_set_ws
                0x00000000080016d4       0x14 ./libopencm3//lib/libopencm3_stm32f1.a(flash_common_all.o)
                0x00000000080016d4                flash_set_ws
 .text          0x00000000080016e8       0xa4 /usr/lib/gcc/arm-none-eabi/10.3.1/../../../arm-none-eabi/lib/thumb/v6-m/nofp/libc_nano.a(lib_a-memcpy-stub.o)
                0x00000000080016e8                memcpy
 .text          0x000000000800178c       0x14 /usr/lib/gcc/arm-none-eabi/10.3.1/thumb/v6-m/nofp/libgcc.a(_thumb1_case_uhi.o)
                0x000000000800178c                __gnu_thumb1_case_uhi
 .text          0x00000000080017a0      0x114 /usr/lib/gcc/arm-none-eabi/10.3.1/thumb/v6-m/nofp/libgcc.a(_udivsi3.o)
                0x00000000080017a0                __udivsi3
                0x00000000080017a0                __aeabi_uidiv
                0x00000000080018ac                __aeabi_uidivmod
 .text          0x00000000080018b4        0x4 /usr/lib/gcc/arm-none-eabi/10.3.1/thumb/v6-m/nofp/libgcc.a(_dvmd_tls.o)
                0x00000000080018b4                __aeabi_ldiv0
                0x00000000080018b4                __aeabi_idiv0
 .text          0x00000000080018b8       0x40 /usr/lib/gcc/arm-none-eabi/10.3.1/thumb/v6-m/nofp/libgcc.a(_aeabi_uldivmod.o)
                0x00000000080018b8                __aeabi_uldivmod
 .text          0x00000000080018f8      0x198 /usr/lib/gcc/arm-none-eabi/10.3.1/thumb/v6-m/nofp/libgcc.a(_udivmoddi4.o)
                0x00000000080018f8                __udivmoddi4
 .text          0x0000000008001a90       0x18 /usr/lib/gcc/arm-none-eabi/10.3.1/thumb/v6-m/nofp/libgcc.a(_clzdi2.o)
                0x0000000008001a90                __clzdi2
 .text          0x0000000008001aa8       0x3c /usr/lib/gcc/arm-none-eabi/10.3.1/thumb/v6-m/nofp/libgcc.a(_clzsi2.o)
                0x0000000008001aa8                __clzsi2
                0x0000000008001ae4                . = ALIGN (0x4)
 *(.rodata*)
 .rodata._Z4initv.str1.1
                0x0000000008001ae4       0x19 src/main.o
 .rodata._Z4loopv.str1.1
                0x0000000008001afd       0x42 src/main.o
                                         0x44 (size before relaxing)
 .rodata._ZN3CAN4initEv.str1.1
                0x0000000008001b3f       0x12 src/can.o
 .rodata._ZN3CAN8transmitERNS_5FrameE.str1.1
                0x0000000008001b51       0x22 src/can.o
 *fill*         0x0000000008001b73        0x1 
 .rodata.rcc_hsi_configs
                0x0000000008001b74       0x54 ./libopencm3//lib/libopencm3_stm32f1.a(rcc.o)
                0x0000000008001b74                rcc_hsi_configs
                0x0000000008001bc8                . = ALIGN (0x4)

.glue_7         0x0000000008001bc8        0x0
 .glue_7        0x0000000008001bc8        0x0 linker stubs

.glue_7t        0x0000000008001bc8        0x0
 .glue_7t       0x0000000008001bc8        0x0 linker stubs

.vfp11_veneer   0x0000000008001bc8        0x0
 .vfp11_veneer  0x0000000008001bc8        0x0 linker stubs

.v4_bx          0x0000000008001bc8        0x0
 .v4_bx         0x0000000008001bc8        0x0 linker stubs

.iplt           0x0000000008001bc8        0x0
 .iplt          0x0000000008001bc8        0x0 src/uart.o

.preinit_array  0x0000000008001bc8        0x0
                0x0000000008001bc8                . = ALIGN (0x4)
                0x0000000008001bc8                __preinit_array_start = .
 *(.preinit_array)
                0x0000000008001bc8                __preinit_array_end = .

.init_array     0x0000000008001bc8        0x8
                0x0000000008001bc8                . = ALIGN (0x4)
                0x0000000008001bc8                __init_array_start = .
 *(SORT_BY_NAME(.init_array.*))
 *(.init_array)
 .init_array    0x0000000008001bc8        0x4 src/uart.o
 .init_array    0x0000000008001bcc        0x4 src/can.o
                0x0000000008001bd0                __init_array_end = .

.fini_array     0x0000000008001bd0        0x0
                0x0000000008001bd0                . = ALIGN (0x4)
                0x0000000008001bd0                __fini_array_start = .
 *(.fini_array)
 *(SORT_BY_NAME(.fini_array.*))
                0x0000000008001bd0                __fini_array_end = .

.ARM.extab
 *(.ARM.extab*)

.ARM.exidx      0x0000000008001bd0        0x8
                0x0000000008001bd0                __exidx_start = .
 *(.ARM.exidx*)
 .ARM.exidx     0x0000000008001bd0        0x8 /usr/lib/gcc/arm-none-eabi/10.3.1/thumb/v6-m/nofp/libgcc.a(_udivmoddi4.o)
                0x0000000008001bd8                __exidx_end = .

.rel.dyn        0x0000000008001bd8        0x0
 .rel.iplt      0x0000000008001bd8        0x0 src/uart.o
                0x0000000008001bd8                . = ALIGN (0x4)
                0x0000000008001bd8                _etext = .

.noinit
 *(.noinit*)
                0x0000000008001bd8                . = ALIGN (0x4)

.data           0x0000000020000000        0xc load address 0x0000000008001bd8
                0x0000000020000000                _data = .
 *(.data*)
 .data.rcc_ahb_frequency
                0x0000000020000000        0x4 ./libopencm3//lib/libopencm3_stm32f1.a(rcc.o)
                0x0000000020000000                rcc_ahb_frequency
 .data.rcc_apb1_frequency
                0x0000000020000004        0x4 ./libopencm3//lib/libopencm3_stm32f1.a(rcc.o)
                0x0000000020000004                rcc_apb1_frequency
 .data.rcc_apb2_frequency
                0x0000000020000008        0x4 ./libopencm3//lib/libopencm3_stm32f1.a(rcc.o)
                0x0000000020000008                rcc_apb2_frequency
 *(.ramtext*)
                0x000000002000000c                . = ALIGN (0x4)
                0x000000002000000c                _edata = .
                0x0000000008001bd8                _data_loadaddr = LOADADDR (.data)

.igot.plt       0x000000002000000c        0x0 load address 0x0000000008001be4
 .igot.plt      0x000000002000000c        0x0 src/uart.o

.bss            0x000000002000000c      0x718 load address 0x0000000008001be4
 *(.bss*)
 .bss._ZN4Uart12_GLOBAL__N_110_rx_bufferE
                0x000000002000000c      0x108 src/uart.o
 .bss._ZN4Uart12_GLOBAL__N_110_tx_bufferE
                0x0000000020000114      0x108 src/uart.o
 .bss._ZN3CAN12_GLOBAL__N_19msg_queueE
                0x000000002000021c      0x508 src/can.o
 *(COMMON)
                0x0000000020000724                . = ALIGN (0x4)
                0x0000000020000724                _ebss = .

/DISCARD/
 *(.eh_frame)
                0x0000000020000724                . = ALIGN (0x4)
                0x0000000020000724                end = .
                0x0000000020002800                PROVIDE (_stack = (ORIGIN (ram) + LENGTH (ram)))
OUTPUT(controller.elf elf32-littlearm)
LOAD linker stubs

.debug_info     0x0000000000000000     0x71ef
 .debug_info    0x0000000000000000      0xbe1 src/uart.o
 .debug_info    0x0000000000000be1      0x84b src/main.o
 .debug_info    0x000000000000142c      0xf41 src/can.o
 .debug_info    0x000000000000236d     0x10eb ./printf/printf.o
 .debug_info    0x0000000000003458      0xb0f ./libopencm3//lib/libopencm3_stm32f1.a(can.o)
 .debug_info    0x0000000000003f67      0x1ec ./libopencm3//lib/libopencm3_stm32f1.a(gpio.o)
 .debug_info    0x0000000000004153      0x24e ./libopencm3//lib/libopencm3_stm32f1.a(gpio_common_all.o)
 .debug_info    0x00000000000043a1     0x155c ./libopencm3//lib/libopencm3_stm32f1.a(rcc.o)
 .debug_info    0x00000000000058fd      0x619 ./libopencm3//lib/libopencm3_stm32f1.a(rcc_common_all.o)
 .debug_info    0x0000000000005f16      0x58c ./libopencm3//lib/libopencm3_stm32f1.a(usart_common_all.o)
 .debug_info    0x00000000000064a2      0x186 ./libopencm3//lib/libopencm3_stm32f1.a(usart_common_f124.o)
 .debug_info    0x0000000000006628      0x2d1 ./libopencm3//lib/libopencm3_stm32f1.a(vector.o)
 .debug_info    0x00000000000068f9      0x22d ./libopencm3//lib/libopencm3_stm32f1.a(nvic.o)
 .debug_info    0x0000000000006b26       0xea ./libopencm3//lib/libopencm3_stm32f1.a(flash_common_all.o)
 .debug_info    0x0000000000006c10      0x15c /usr/lib/gcc/arm-none-eabi/10.3.1/../../../arm-none-eabi/lib/thumb/v6-m/nofp/libc_nano.a(lib_a-memcpy-stub.o)
 .debug_info    0x0000000000006d6c       0x26 /usr/lib/gcc/arm-none-eabi/10.3.1/thumb/v6-m/nofp/libgcc.a(_thumb1_case_uhi.o)
 .debug_info    0x0000000000006d92       0x26 /usr/lib/gcc/arm-none-eabi/10.3.1/thumb/v6-m/nofp/libgcc.a(_udivsi3.o)
 .debug_info    0x0000000000006db8       0x26 /usr/lib/gcc/arm-none-eabi/10.3.1/thumb/v6-m/nofp/libgcc.a(_dvmd_tls.o)
 .debug_info    0x0000000000006dde       0x26 /usr/lib/gcc/arm-none-eabi/10.3.1/thumb/v6-m/nofp/libgcc.a(_aeabi_uldivmod.o)
 .debug_info    0x0000000000006e04      0x39f /usr/lib/gcc/arm-none-eabi/10.3.1/thumb/v6-m/nofp/libgcc.a(_udivmoddi4.o)
 .debug_info    0x00000000000071a3       0x26 /usr/lib/gcc/arm-none-eabi/10.3.1/thumb/v6-m/nofp/libgcc.a(_clzdi2.o)
 .debug_info    0x00000000000071c9       0x26 /usr/lib/gcc/arm-none-eabi/10.3.1/thumb/v6-m/nofp/libgcc.a(_clzsi2.o)

.debug_abbrev   0x0000000000000000     0x1e2c
 .debug_abbrev  0x0000000000000000      0x3a2 src/uart.o
 .debug_abbrev  0x00000000000003a2      0x2ba src/main.o
 .debug_abbrev  0x000000000000065c      0x4dd src/can.o
 .debug_abbrev  0x0000000000000b39      0x397 ./printf/printf.o
 .debug_abbrev  0x0000000000000ed0      0x2af ./libopencm3//lib/libopencm3_stm32f1.a(can.o)
 .debug_abbrev  0x000000000000117f       0xd0 ./libopencm3//lib/libopencm3_stm32f1.a(gpio.o)
 .debug_abbrev  0x000000000000124f      0x116 ./libopencm3//lib/libopencm3_stm32f1.a(gpio_common_all.o)
 .debug_abbrev  0x0000000000001365      0x282 ./libopencm3//lib/libopencm3_stm32f1.a(rcc.o)
 .debug_abbrev  0x00000000000015e7      0x17c ./libopencm3//lib/libopencm3_stm32f1.a(rcc_common_all.o)
 .debug_abbrev  0x0000000000001763      0x129 ./libopencm3//lib/libopencm3_stm32f1.a(usart_common_all.o)
 .debug_abbrev  0x000000000000188c       0xb5 ./libopencm3//lib/libopencm3_stm32f1.a(usart_common_f124.o)
 .debug_abbrev  0x0000000000001941      0x145 ./libopencm3//lib/libopencm3_stm32f1.a(vector.o)
 .debug_abbrev  0x0000000000001a86       0xb5 ./libopencm3//lib/libopencm3_stm32f1.a(nvic.o)
 .debug_abbrev  0x0000000000001b3b       0x97 ./libopencm3//lib/libopencm3_stm32f1.a(flash_common_all.o)
 .debug_abbrev  0x0000000000001bd2       0xc7 /usr/lib/gcc/arm-none-eabi/10.3.1/../../../arm-none-eabi/lib/thumb/v6-m/nofp/libc_nano.a(lib_a-memcpy-stub.o)
 .debug_abbrev  0x0000000000001c99       0x14 /usr/lib/gcc/arm-none-eabi/10.3.1/thumb/v6-m/nofp/libgcc.a(_thumb1_case_uhi.o)
 .debug_abbrev  0x0000000000001cad       0x14 /usr/lib/gcc/arm-none-eabi/10.3.1/thumb/v6-m/nofp/libgcc.a(_udivsi3.o)
 .debug_abbrev  0x0000000000001cc1       0x14 /usr/lib/gcc/arm-none-eabi/10.3.1/thumb/v6-m/nofp/libgcc.a(_dvmd_tls.o)
 .debug_abbrev  0x0000000000001cd5       0x14 /usr/lib/gcc/arm-none-eabi/10.3.1/thumb/v6-m/nofp/libgcc.a(_aeabi_uldivmod.o)
 .debug_abbrev  0x0000000000001ce9      0x11b /usr/lib/gcc/arm-none-eabi/10.3.1/thumb/v6-m/nofp/libgcc.a(_udivmoddi4.o)
 .debug_abbrev  0x0000000000001e04       0x14 /usr/lib/gcc/arm-none-eabi/10.3.1/thumb/v6-m/nofp/libgcc.a(_clzdi2.o)
 .debug_abbrev  0x0000000000001e18       0x14 /usr/lib/gcc/arm-none-eabi/10.3.1/thumb/v6-m/nofp/libgcc.a(_clzsi2.o)

.debug_loc      0x0000000000000000     0x411d
 .debug_loc     0x0000000000000000      0x2e3 src/uart.o
 .debug_loc     0x00000000000002e3       0xa0 src/main.o
 .debug_loc     0x0000000000000383      0x416 src/can.o
 .debug_loc     0x0000000000000799     0x1ae8 ./printf/printf.o
 .debug_loc     0x0000000000002281      0xb94 ./libopencm3//lib/libopencm3_stm32f1.a(can.o)
 .debug_loc     0x0000000000002e15      0x14c ./libopencm3//lib/libopencm3_stm32f1.a(gpio.o)
 .debug_loc     0x0000000000002f61       0xbe ./libopencm3//lib/libopencm3_stm32f1.a(gpio_common_all.o)
 .debug_loc     0x000000000000301f      0x3d0 ./libopencm3//lib/libopencm3_stm32f1.a(rcc.o)
 .debug_loc     0x00000000000033ef       0x94 ./libopencm3//lib/libopencm3_stm32f1.a(rcc_common_all.o)
 .debug_loc     0x0000000000003483      0x14d ./libopencm3//lib/libopencm3_stm32f1.a(usart_common_all.o)
 .debug_loc     0x00000000000035d0       0x99 ./libopencm3//lib/libopencm3_stm32f1.a(usart_common_f124.o)
 .debug_loc     0x0000000000003669      0x128 ./libopencm3//lib/libopencm3_stm32f1.a(vector.o)
 .debug_loc     0x0000000000003791      0x14d ./libopencm3//lib/libopencm3_stm32f1.a(nvic.o)
 .debug_loc     0x00000000000038de       0x15 ./libopencm3//lib/libopencm3_stm32f1.a(flash_common_all.o)
 .debug_loc     0x00000000000038f3      0x457 /usr/lib/gcc/arm-none-eabi/10.3.1/../../../arm-none-eabi/lib/thumb/v6-m/nofp/libc_nano.a(lib_a-memcpy-stub.o)
 .debug_loc     0x0000000000003d4a      0x3d3 /usr/lib/gcc/arm-none-eabi/10.3.1/thumb/v6-m/nofp/libgcc.a(_udivmoddi4.o)

.debug_aranges  0x0000000000000000      0x720
 .debug_aranges
                0x0000000000000000       0x60 src/uart.o
 .debug_aranges
                0x0000000000000060       0x30 src/main.o
 .debug_aranges
                0x0000000000000090       0x58 src/can.o
 .debug_aranges
                0x00000000000000e8       0x80 ./printf/printf.o
 .debug_aranges
                0x0000000000000168       0x80 ./libopencm3//lib/libopencm3_stm32f1.a(can.o)
 .debug_aranges
                0x00000000000001e8       0x38 ./libopencm3//lib/libopencm3_stm32f1.a(gpio.o)
 .debug_aranges
                0x0000000000000220       0x50 ./libopencm3//lib/libopencm3_stm32f1.a(gpio_common_all.o)
 .debug_aranges
                0x0000000000000270      0x170 ./libopencm3//lib/libopencm3_stm32f1.a(rcc.o)
 .debug_aranges
                0x00000000000003e0       0x60 ./libopencm3//lib/libopencm3_stm32f1.a(rcc_common_all.o)
 .debug_aranges
                0x0000000000000440       0xd8 ./libopencm3//lib/libopencm3_stm32f1.a(usart_common_all.o)
 .debug_aranges
                0x0000000000000518       0x40 ./libopencm3//lib/libopencm3_stm32f1.a(usart_common_f124.o)
 .debug_aranges
                0x0000000000000558       0x30 ./libopencm3//lib/libopencm3_stm32f1.a(vector.o)
 .debug_aranges
                0x0000000000000588       0x60 ./libopencm3//lib/libopencm3_stm32f1.a(nvic.o)
 .debug_aranges
                0x00000000000005e8       0x38 ./libopencm3//lib/libopencm3_stm32f1.a(flash_common_all.o)
 .debug_aranges
                0x0000000000000620       0x20 /usr/lib/gcc/arm-none-eabi/10.3.1/../../../arm-none-eabi/lib/thumb/v6-m/nofp/libc_nano.a(lib_a-memcpy-stub.o)
 .debug_aranges
                0x0000000000000640       0x20 /usr/lib/gcc/arm-none-eabi/10.3.1/thumb/v6-m/nofp/libgcc.a(_thumb1_case_uhi.o)
 .debug_aranges
                0x0000000000000660       0x20 /usr/lib/gcc/arm-none-eabi/10.3.1/thumb/v6-m/nofp/libgcc.a(_udivsi3.o)
 .debug_aranges
                0x0000000000000680       0x20 /usr/lib/gcc/arm-none-eabi/10.3.1/thumb/v6-m/nofp/libgcc.a(_dvmd_tls.o)
 .debug_aranges
                0x00000000000006a0       0x20 /usr/lib/gcc/arm-none-eabi/10.3.1/thumb/v6-m/nofp/libgcc.a(_aeabi_uldivmod.o)
 .debug_aranges
                0x00000000000006c0       0x20 /usr/lib/gcc/arm-none-eabi/10.3.1/thumb/v6-m/nofp/libgcc.a(_udivmoddi4.o)
 .debug_aranges
                0x00000000000006e0       0x20 /usr/lib/gcc/arm-none-eabi/10.3.1/thumb/v6-m/nofp/libgcc.a(_clzdi2.o)
 .debug_aranges
                0x0000000000000700       0x20 /usr/lib/gcc/arm-none-eabi/10.3.1/thumb/v6-m/nofp/libgcc.a(_clzsi2.o)

.debug_ranges   0x0000000000000000      0x9e0
 .debug_ranges  0x0000000000000000      0x128 src/uart.o
 .debug_ranges  0x0000000000000128       0x90 src/main.o
 .debug_ranges  0x00000000000001b8      0x1a8 src/can.o
 .debug_ranges  0x0000000000000360      0x1c0 ./printf/printf.o
 .debug_ranges  0x0000000000000520       0x70 ./libopencm3//lib/libopencm3_stm32f1.a(can.o)
 .debug_ranges  0x0000000000000590       0x28 ./libopencm3//lib/libopencm3_stm32f1.a(gpio.o)
 .debug_ranges  0x00000000000005b8       0x40 ./libopencm3//lib/libopencm3_stm32f1.a(gpio_common_all.o)
 .debug_ranges  0x00000000000005f8      0x208 ./libopencm3//lib/libopencm3_stm32f1.a(rcc.o)
 .debug_ranges  0x0000000000000800       0x50 ./libopencm3//lib/libopencm3_stm32f1.a(rcc_common_all.o)
 .debug_ranges  0x0000000000000850       0xc8 ./libopencm3//lib/libopencm3_stm32f1.a(usart_common_all.o)
 .debug_ranges  0x0000000000000918       0x30 ./libopencm3//lib/libopencm3_stm32f1.a(usart_common_f124.o)
 .debug_ranges  0x0000000000000948       0x20 ./libopencm3//lib/libopencm3_stm32f1.a(vector.o)
 .debug_ranges  0x0000000000000968       0x50 ./libopencm3//lib/libopencm3_stm32f1.a(nvic.o)
 .debug_ranges  0x00000000000009b8       0x28 ./libopencm3//lib/libopencm3_stm32f1.a(flash_common_all.o)

.debug_macro    0x0000000000000000     0x727a
 .debug_macro   0x0000000000000000      0x219 src/uart.o
 .debug_macro   0x0000000000000219      0xaf6 src/uart.o
 .debug_macro   0x0000000000000d0f       0x10 src/uart.o
 .debug_macro   0x0000000000000d1f       0x22 src/uart.o
 .debug_macro   0x0000000000000d41       0x46 src/uart.o
 .debug_macro   0x0000000000000d87       0x18 src/uart.o
 .debug_macro   0x0000000000000d9f       0x5c src/uart.o
 .debug_macro   0x0000000000000dfb       0x3c src/uart.o
 .debug_macro   0x0000000000000e37       0x34 src/uart.o
 .debug_macro   0x0000000000000e6b      0x17b src/uart.o
 .debug_macro   0x0000000000000fe6       0x16 src/uart.o
 .debug_macro   0x0000000000000ffc       0x43 src/uart.o
 .debug_macro   0x000000000000103f       0x57 src/uart.o
 .debug_macro   0x0000000000001096       0x34 src/uart.o
 .debug_macro   0x00000000000010ca       0x10 src/uart.o
 .debug_macro   0x00000000000010da       0x52 src/uart.o
 .debug_macro   0x000000000000112c       0x71 src/uart.o
 .debug_macro   0x000000000000119d       0x16 src/uart.o
 .debug_macro   0x00000000000011b3      0x12a src/uart.o
 .debug_macro   0x00000000000012dd      0x23b src/uart.o
 .debug_macro   0x0000000000001518       0x58 src/uart.o
 .debug_macro   0x0000000000001570       0x16 src/uart.o
 .debug_macro   0x0000000000001586       0x35 src/uart.o
 .debug_macro   0x00000000000015bb      0x356 src/uart.o
 .debug_macro   0x0000000000001911       0x10 src/uart.o
 .debug_macro   0x0000000000001921       0x6a src/uart.o
 .debug_macro   0x000000000000198b       0xb2 src/uart.o
 .debug_macro   0x0000000000001a3d      0x4fe src/uart.o
 .debug_macro   0x0000000000001f3b       0x1c src/uart.o
 .debug_macro   0x0000000000001f57      0x34e src/uart.o
 .debug_macro   0x00000000000022a5       0x16 src/uart.o
 .debug_macro   0x00000000000022bb       0xe8 src/uart.o
 .debug_macro   0x00000000000023a3       0x52 src/uart.o
 .debug_macro   0x00000000000023f5       0x43 src/uart.o
 .debug_macro   0x0000000000002438      0x1a2 src/uart.o
 .debug_macro   0x00000000000025da      0x1ba src/uart.o
 .debug_macro   0x0000000000002794       0x76 src/uart.o
 .debug_macro   0x000000000000280a      0xe2e src/uart.o
 .debug_macro   0x0000000000003638      0x8c6 src/uart.o
 .debug_macro   0x0000000000003efe       0x94 src/uart.o
 .debug_macro   0x0000000000003f92      0x29e src/uart.o
 .debug_macro   0x0000000000004230       0x1c src/uart.o
 .debug_macro   0x000000000000424c      0x192 src/main.o
 .debug_macro   0x00000000000043de      0x1b4 src/main.o
 .debug_macro   0x0000000000004592       0x10 src/main.o
 .debug_macro   0x00000000000045a2      0x1c8 src/can.o
 .debug_macro   0x000000000000476a      0x513 src/can.o
 .debug_macro   0x0000000000004c7d       0x9e ./printf/printf.o
 .debug_macro   0x0000000000004d1b      0xa48 ./printf/printf.o
 .debug_macro   0x0000000000005763       0x22 ./printf/printf.o
 .debug_macro   0x0000000000005785      0x16d ./printf/printf.o
 .debug_macro   0x00000000000058f2       0x80 ./libopencm3//lib/libopencm3_stm32f1.a(can.o)
 .debug_macro   0x0000000000005972      0xa60 ./libopencm3//lib/libopencm3_stm32f1.a(can.o)
 .debug_macro   0x00000000000063d2       0x76 ./libopencm3//lib/libopencm3_stm32f1.a(can.o)
 .debug_macro   0x0000000000006448       0x1c ./libopencm3//lib/libopencm3_stm32f1.a(can.o)
 .debug_macro   0x0000000000006464       0x6f ./libopencm3//lib/libopencm3_stm32f1.a(gpio.o)
 .debug_macro   0x00000000000064d3       0x6f ./libopencm3//lib/libopencm3_stm32f1.a(gpio_common_all.o)
 .debug_macro   0x0000000000006542       0x9e ./libopencm3//lib/libopencm3_stm32f1.a(rcc.o)
 .debug_macro   0x00000000000065e0       0x16 ./libopencm3//lib/libopencm3_stm32f1.a(rcc.o)
 .debug_macro   0x00000000000065f6       0xee ./libopencm3//lib/libopencm3_stm32f1.a(rcc.o)
 .debug_macro   0x00000000000066e4       0x82 ./libopencm3//lib/libopencm3_stm32f1.a(rcc.o)
 .debug_macro   0x0000000000006766       0x85 ./libopencm3//lib/libopencm3_stm32f1.a(rcc_common_all.o)
 .debug_macro   0x00000000000067eb       0x91 ./libopencm3//lib/libopencm3_stm32f1.a(usart_common_all.o)
 .debug_macro   0x000000000000687c       0x91 ./libopencm3//lib/libopencm3_stm32f1.a(usart_common_f124.o)
 .debug_macro   0x000000000000690d       0x86 ./libopencm3//lib/libopencm3_stm32f1.a(vector.o)
 .debug_macro   0x0000000000006993      0x395 ./libopencm3//lib/libopencm3_stm32f1.a(vector.o)
 .debug_macro   0x0000000000006d28       0x6e ./libopencm3//lib/libopencm3_stm32f1.a(vector.o)
 .debug_macro   0x0000000000006d96       0x6a ./libopencm3//lib/libopencm3_stm32f1.a(nvic.o)
 .debug_macro   0x0000000000006e00       0x68 ./libopencm3//lib/libopencm3_stm32f1.a(nvic.o)
 .debug_macro   0x0000000000006e68      0x39b ./libopencm3//lib/libopencm3_stm32f1.a(nvic.o)
 .debug_macro   0x0000000000007203       0x77 ./libopencm3//lib/libopencm3_stm32f1.a(flash_common_all.o)

.debug_line     0x0000000000000000     0x4f54
 .debug_line    0x0000000000000000      0x6e2 src/uart.o
 .debug_line    0x00000000000006e2      0x513 src/main.o
 .debug_line    0x0000000000000bf5      0x784 src/can.o
 .debug_line    0x0000000000001379      0xb6e ./printf/printf.o
 .debug_line    0x0000000000001ee7      0x758 ./libopencm3//lib/libopencm3_stm32f1.a(can.o)
 .debug_line    0x000000000000263f      0x271 ./libopencm3//lib/libopencm3_stm32f1.a(gpio.o)
 .debug_line    0x00000000000028b0      0x27b ./libopencm3//lib/libopencm3_stm32f1.a(gpio_common_all.o)
 .debug_line    0x0000000000002b2b      0xc2d ./libopencm3//lib/libopencm3_stm32f1.a(rcc.o)
 .debug_line    0x0000000000003758      0x2da ./libopencm3//lib/libopencm3_stm32f1.a(rcc_common_all.o)
 .debug_line    0x0000000000003a32      0x4ee ./libopencm3//lib/libopencm3_stm32f1.a(usart_common_all.o)
 .debug_line    0x0000000000003f20      0x270 ./libopencm3//lib/libopencm3_stm32f1.a(usart_common_f124.o)
 .debug_line    0x0000000000004190      0x306 ./libopencm3//lib/libopencm3_stm32f1.a(vector.o)
 .debug_line    0x0000000000004496      0x29d ./libopencm3//lib/libopencm3_stm32f1.a(nvic.o)
 .debug_line    0x0000000000004733      0x22c ./libopencm3//lib/libopencm3_stm32f1.a(flash_common_all.o)
 .debug_line    0x000000000000495f      0x1b5 /usr/lib/gcc/arm-none-eabi/10.3.1/../../../arm-none-eabi/lib/thumb/v6-m/nofp/libc_nano.a(lib_a-memcpy-stub.o)
 .debug_line    0x0000000000004b14       0x69 /usr/lib/gcc/arm-none-eabi/10.3.1/thumb/v6-m/nofp/libgcc.a(_thumb1_case_uhi.o)
 .debug_line    0x0000000000004b7d       0x6c /usr/lib/gcc/arm-none-eabi/10.3.1/thumb/v6-m/nofp/libgcc.a(_udivsi3.o)
 .debug_line    0x0000000000004be9       0x60 /usr/lib/gcc/arm-none-eabi/10.3.1/thumb/v6-m/nofp/libgcc.a(_dvmd_tls.o)
 .debug_line    0x0000000000004c49       0x6b /usr/lib/gcc/arm-none-eabi/10.3.1/thumb/v6-m/nofp/libgcc.a(_aeabi_uldivmod.o)
 .debug_line    0x0000000000004cb4      0x1c2 /usr/lib/gcc/arm-none-eabi/10.3.1/thumb/v6-m/nofp/libgcc.a(_udivmoddi4.o)
 .debug_line    0x0000000000004e76       0x6a /usr/lib/gcc/arm-none-eabi/10.3.1/thumb/v6-m/nofp/libgcc.a(_clzdi2.o)
 .debug_line    0x0000000000004ee0       0x74 /usr/lib/gcc/arm-none-eabi/10.3.1/thumb/v6-m/nofp/libgcc.a(_clzsi2.o)

.debug_str      0x0000000000000000    0x16ee8
 .debug_str     0x0000000000000000    0x10ec0 src/uart.o
                                      0x11180 (size before relaxing)
 .debug_str     0x0000000000010ec0      0x1aa src/main.o
                                       0xe1e7 (size before relaxing)
 .debug_str     0x000000000001106a     0x1a76 src/can.o
                                      0x102fa (size before relaxing)
 .debug_str     0x0000000000012ae0      0x4d0 ./printf/printf.o
                                       0x3e88 (size before relaxing)
 .debug_str     0x0000000000012fb0      0x7ff ./libopencm3//lib/libopencm3_stm32f1.a(can.o)
                                       0x8a00 (size before relaxing)
 .debug_str     0x00000000000137af       0x6d ./libopencm3//lib/libopencm3_stm32f1.a(gpio.o)
                                       0x8131 (size before relaxing)
 .debug_str     0x000000000001381c       0x6c ./libopencm3//lib/libopencm3_stm32f1.a(gpio_common_all.o)
                                       0x812f (size before relaxing)
 .debug_str     0x0000000000013888      0xd43 ./libopencm3//lib/libopencm3_stm32f1.a(rcc.o)
                                       0x7d91 (size before relaxing)
 .debug_str     0x00000000000145cb      0x186 ./libopencm3//lib/libopencm3_stm32f1.a(rcc_common_all.o)
                                       0x7494 (size before relaxing)
 .debug_str     0x0000000000014751      0x1b8 ./libopencm3//lib/libopencm3_stm32f1.a(usart_common_all.o)
                                       0x80bf (size before relaxing)
 .debug_str     0x0000000000014909       0x1e ./libopencm3//lib/libopencm3_stm32f1.a(usart_common_f124.o)
                                       0x7e53 (size before relaxing)
 .debug_str     0x0000000000014927     0x1d89 ./libopencm3//lib/libopencm3_stm32f1.a(vector.o)
                                       0x6180 (size before relaxing)
 .debug_str     0x00000000000166b0       0xb2 ./libopencm3//lib/libopencm3_stm32f1.a(nvic.o)
                                       0x574d (size before relaxing)
 .debug_str     0x0000000000016762       0x64 ./libopencm3//lib/libopencm3_stm32f1.a(flash_common_all.o)
                                       0x507f (size before relaxing)
 .debug_str     0x00000000000167c6      0x13b /usr/lib/gcc/arm-none-eabi/10.3.1/../../../arm-none-eabi/lib/thumb/v6-m/nofp/libc_nano.a(lib_a-memcpy-stub.o)
                                        0x1de (size before relaxing)
 .debug_str     0x0000000000016901       0xa6 /usr/lib/gcc/arm-none-eabi/10.3.1/thumb/v6-m/nofp/libgcc.a(_thumb1_case_uhi.o)
 .debug_str     0x00000000000169a7       0xa6 /usr/lib/gcc/arm-none-eabi/10.3.1/thumb/v6-m/nofp/libgcc.a(_udivsi3.o)
 .debug_str     0x00000000000169a7       0xa6 /usr/lib/gcc/arm-none-eabi/10.3.1/thumb/v6-m/nofp/libgcc.a(_dvmd_tls.o)
 .debug_str     0x00000000000169a7       0x30 /usr/lib/gcc/arm-none-eabi/10.3.1/thumb/v6-m/nofp/libgcc.a(_aeabi_uldivmod.o)
                                         0xa6 (size before relaxing)
 .debug_str     0x00000000000169d7      0x511 /usr/lib/gcc/arm-none-eabi/10.3.1/thumb/v6-m/nofp/libgcc.a(_udivmoddi4.o)
                                        0x602 (size before relaxing)
 .debug_str     0x0000000000016ee8       0xa6 /usr/lib/gcc/arm-none-eabi/10.3.1/thumb/v6-m/nofp/libgcc.a(_clzdi2.o)
 .debug_str     0x0000000000016ee8       0xa6 /usr/lib/gcc/arm-none-eabi/10.3.1/thumb/v6-m/nofp/libgcc.a(_clzsi2.o)

.comment        0x0000000000000000       0x33
 .comment       0x0000000000000000       0x33 src/uart.o
                                         0x34 (size before relaxing)
 .comment       0x0000000000000033       0x34 src/main.o
 .comment       0x0000000000000033       0x34 src/can.o
 .comment       0x0000000000000033       0x34 ./printf/printf.o
 .comment       0x0000000000000033       0x34 ./libopencm3//lib/libopencm3_stm32f1.a(can.o)
 .comment       0x0000000000000033       0x34 ./libopencm3//lib/libopencm3_stm32f1.a(gpio.o)
 .comment       0x0000000000000033       0x34 ./libopencm3//lib/libopencm3_stm32f1.a(gpio_common_all.o)
 .comment       0x0000000000000033       0x34 ./libopencm3//lib/libopencm3_stm32f1.a(rcc.o)
 .comment       0x0000000000000033       0x34 ./libopencm3//lib/libopencm3_stm32f1.a(rcc_common_all.o)
 .comment       0x0000000000000033       0x34 ./libopencm3//lib/libopencm3_stm32f1.a(usart_common_all.o)
 .comment       0x0000000000000033       0x34 ./libopencm3//lib/libopencm3_stm32f1.a(usart_common_f124.o)
 .comment       0x0000000000000033       0x34 ./libopencm3//lib/libopencm3_stm32f1.a(vector.o)
 .comment       0x0000000000000033       0x34 ./libopencm3//lib/libopencm3_stm32f1.a(nvic.o)
 .comment       0x0000000000000033       0x34 ./libopencm3//lib/libopencm3_stm32f1.a(flash_common_all.o)
 .comment       0x0000000000000033       0x34 /usr/lib/gcc/arm-none-eabi/10.3.1/../../../arm-none-eabi/lib/thumb/v6-m/nofp/libc_nano.a(lib_a-memcpy-stub.o)
 .comment       0x0000000000000033       0x34 /usr/lib/gcc/arm-none-eabi/10.3.1/thumb/v6-m/nofp/libgcc.a(_udivmoddi4.o)

.ARM.attributes
                0x0000000000000000       0x2d
 .ARM.attributes
                0x0000000000000000       0x2c src/uart.o
 .ARM.attributes
                0x000000000000002c       0x2c src/main.o
 .ARM.attributes
                0x0000000000000058       0x2c src/can.o
 .ARM.attributes
                0x0000000000000084       0x2c ./printf/printf.o
 .ARM.attributes
                0x00000000000000b0       0x2d ./libopencm3//lib/libopencm3_stm32f1.a(can.o)
 .ARM.attributes
                0x00000000000000dd       0x2d ./libopencm3//lib/libopencm3_stm32f1.a(gpio.o)
 .ARM.attributes
                0x000000000000010a       0x2d ./libopencm3//lib/libopencm3_stm32f1.a(gpio_common_all.o)
 .ARM.attributes
                0x0000000000000137       0x2d ./libopencm3//lib/libopencm3_stm32f1.a(rcc.o)
 .ARM.attributes
                0x0000000000000164       0x2d ./libopencm3//lib/libopencm3_stm32f1.a(rcc_common_all.o)
 .ARM.attributes
                0x0000000000000191       0x2d ./libopencm3//lib/libopencm3_stm32f1.a(usart_common_all.o)
 .ARM.attributes
                0x00000000000001be       0x2d ./libopencm3//lib/libopencm3_stm32f1.a(usart_common_f124.o)
 .ARM.attributes
                0x00000000000001eb       0x2d ./libopencm3//lib/libopencm3_stm32f1.a(vector.o)
 .ARM.attributes
                0x0000000000000218       0x2d ./libopencm3//lib/libopencm3_stm32f1.a(nvic.o)
 .ARM.attributes
                0x0000000000000245       0x2d ./libopencm3//lib/libopencm3_stm32f1.a(flash_common_all.o)
 .ARM.attributes
                0x0000000000000272       0x2c /usr/lib/gcc/arm-none-eabi/10.3.1/../../../arm-none-eabi/lib/thumb/v6-m/nofp/libc_nano.a(lib_a-memcpy-stub.o)
 .ARM.attributes
                0x000000000000029e       0x1e /usr/lib/gcc/arm-none-eabi/10.3.1/thumb/v6-m/nofp/libgcc.a(_thumb1_case_uhi.o)
 .ARM.attributes
                0x00000000000002bc       0x1e /usr/lib/gcc/arm-none-eabi/10.3.1/thumb/v6-m/nofp/libgcc.a(_udivsi3.o)
 .ARM.attributes
                0x00000000000002da       0x1e /usr/lib/gcc/arm-none-eabi/10.3.1/thumb/v6-m/nofp/libgcc.a(_dvmd_tls.o)
 .ARM.attributes
                0x00000000000002f8       0x1e /usr/lib/gcc/arm-none-eabi/10.3.1/thumb/v6-m/nofp/libgcc.a(_aeabi_uldivmod.o)
 .ARM.attributes
                0x0000000000000316       0x2c /usr/lib/gcc/arm-none-eabi/10.3.1/thumb/v6-m/nofp/libgcc.a(_udivmoddi4.o)
 .ARM.attributes
                0x0000000000000342       0x1e /usr/lib/gcc/arm-none-eabi/10.3.1/thumb/v6-m/nofp/libgcc.a(_clzdi2.o)
 .ARM.attributes
                0x0000000000000360       0x1e /usr/lib/gcc/arm-none-eabi/10.3.1/thumb/v6-m/nofp/libgcc.a(_clzsi2.o)

.debug_frame    0x0000000000000000      0xdf4
 .debug_frame   0x0000000000000000       0xdc src/uart.o
 .debug_frame   0x00000000000000dc       0x5c src/main.o
 .debug_frame   0x0000000000000138      0x10c src/can.o
 .debug_frame   0x0000000000000244      0x18c ./printf/printf.o
 .debug_frame   0x00000000000003d0      0x170 ./libopencm3//lib/libopencm3_stm32f1.a(can.o)
 .debug_frame   0x0000000000000540       0x60 ./libopencm3//lib/libopencm3_stm32f1.a(gpio.o)
 .debug_frame   0x00000000000005a0       0x80 ./libopencm3//lib/libopencm3_stm32f1.a(gpio_common_all.o)
 .debug_frame   0x0000000000000620      0x318 ./libopencm3//lib/libopencm3_stm32f1.a(rcc.o)
 .debug_frame   0x0000000000000938       0xe0 ./libopencm3//lib/libopencm3_stm32f1.a(rcc_common_all.o)
 .debug_frame   0x0000000000000a18      0x1b0 ./libopencm3//lib/libopencm3_stm32f1.a(usart_common_all.o)
 .debug_frame   0x0000000000000bc8       0x60 ./libopencm3//lib/libopencm3_stm32f1.a(usart_common_f124.o)
 .debug_frame   0x0000000000000c28       0x4c ./libopencm3//lib/libopencm3_stm32f1.a(vector.o)
 .debug_frame   0x0000000000000c74       0xa0 ./libopencm3//lib/libopencm3_stm32f1.a(nvic.o)
 .debug_frame   0x0000000000000d14       0x50 ./libopencm3//lib/libopencm3_stm32f1.a(flash_common_all.o)
 .debug_frame   0x0000000000000d64       0x34 /usr/lib/gcc/arm-none-eabi/10.3.1/../../../arm-none-eabi/lib/thumb/v6-m/nofp/libc_nano.a(lib_a-memcpy-stub.o)
 .debug_frame   0x0000000000000d98       0x20 /usr/lib/gcc/arm-none-eabi/10.3.1/thumb/v6-m/nofp/libgcc.a(_udivsi3.o)
 .debug_frame   0x0000000000000db8       0x3c /usr/lib/gcc/arm-none-eabi/10.3.1/thumb/v6-m/nofp/libgcc.a(_udivmoddi4.o)

Cross Reference Table

Symbol                                            File
CAN::has_pending_messages()                       src/can.o
CAN::init()                                       src/can.o
                                                  src/main.o
CAN::isr()                                        src/can.o
CAN::pop(CAN::Frame&)                             src/can.o
                                                  src/main.o
CAN::receive(unsigned char)                       src/can.o
CAN::transmit(CAN::Frame&)                        src/can.o
                                                  src/main.o
Uart::flush()                                     src/uart.o
Uart::get(char*)                                  src/uart.o
                                                  src/main.o
Uart::init()                                      src/uart.o
                                                  src/main.o
Uart::isr()                                       src/uart.o
Uart::put(char)                                   src/uart.o
                                                  src/main.o
__aeabi_idiv0                                     /usr/lib/gcc/arm-none-eabi/10.3.1/thumb/v6-m/nofp/libgcc.a(_dvmd_tls.o)
                                                  /usr/lib/gcc/arm-none-eabi/10.3.1/thumb/v6-m/nofp/libgcc.a(_udivsi3.o)
__aeabi_ldiv0                                     /usr/lib/gcc/arm-none-eabi/10.3.1/thumb/v6-m/nofp/libgcc.a(_dvmd_tls.o)
                                                  /usr/lib/gcc/arm-none-eabi/10.3.1/thumb/v6-m/nofp/libgcc.a(_aeabi_uldivmod.o)
__aeabi_uidiv                                     /usr/lib/gcc/arm-none-eabi/10.3.1/thumb/v6-m/nofp/libgcc.a(_udivsi3.o)
__aeabi_uidivmod                                  /usr/lib/gcc/arm-none-eabi/10.3.1/thumb/v6-m/nofp/libgcc.a(_udivsi3.o)
                                                  ./printf/printf.o
__aeabi_uldivmod                                  /usr/lib/gcc/arm-none-eabi/10.3.1/thumb/v6-m/nofp/libgcc.a(_aeabi_uldivmod.o)
                                                  ./printf/printf.o
__clzdi2                                          /usr/lib/gcc/arm-none-eabi/10.3.1/thumb/v6-m/nofp/libgcc.a(_clzdi2.o)
                                                  /usr/lib/gcc/arm-none-eabi/10.3.1/thumb/v6-m/nofp/libgcc.a(_udivmoddi4.o)
__clzsi2                                          /usr/lib/gcc/arm-none-eabi/10.3.1/thumb/v6-m/nofp/libgcc.a(_clzsi2.o)
                                                  /usr/lib/gcc/arm-none-eabi/10.3.1/thumb/v6-m/nofp/libgcc.a(_clzdi2.o)
__fini_array_end                                  ./libopencm3//lib/libopencm3_stm32f1.a(vector.o)
__fini_array_start                                ./libopencm3//lib/libopencm3_stm32f1.a(vector.o)
__gnu_thumb1_case_uhi                             /usr/lib/gcc/arm-none-eabi/10.3.1/thumb/v6-m/nofp/libgcc.a(_thumb1_case_uhi.o)
                                                  ./printf/printf.o
__init_array_end                                  ./libopencm3//lib/libopencm3_stm32f1.a(vector.o)
__init_array_start                                ./libopencm3//lib/libopencm3_stm32f1.a(vector.o)
__preinit_array_end                               ./libopencm3//lib/libopencm3_stm32f1.a(vector.o)
__preinit_array_start                             ./libopencm3//lib/libopencm3_stm32f1.a(vector.o)
__udivmoddi4                                      /usr/lib/gcc/arm-none-eabi/10.3.1/thumb/v6-m/nofp/libgcc.a(_udivmoddi4.o)
                                                  /usr/lib/gcc/arm-none-eabi/10.3.1/thumb/v6-m/nofp/libgcc.a(_aeabi_uldivmod.o)
__udivsi3                                         /usr/lib/gcc/arm-none-eabi/10.3.1/thumb/v6-m/nofp/libgcc.a(_udivsi3.o)
_data                                             ./libopencm3//lib/libopencm3_stm32f1.a(vector.o)
_data_loadaddr                                    ./libopencm3//lib/libopencm3_stm32f1.a(vector.o)
_ebss                                             ./libopencm3//lib/libopencm3_stm32f1.a(vector.o)
_edata                                            ./libopencm3//lib/libopencm3_stm32f1.a(vector.o)
_putchar                                          src/uart.o
                                                  ./printf/printf.o
_stack                                            ./libopencm3//lib/libopencm3_stm32f1.a(vector.o)
adc1_2_isr                                        ./libopencm3//lib/libopencm3_stm32f1.a(vector.o)
adc3_isr                                          ./libopencm3//lib/libopencm3_stm32f1.a(vector.o)
blocking_handler                                  ./libopencm3//lib/libopencm3_stm32f1.a(vector.o)
bus_fault_handler                                 ./libopencm3//lib/libopencm3_stm32f1.a(vector.o)
can2_rx0_isr                                      ./libopencm3//lib/libopencm3_stm32f1.a(vector.o)
can2_rx1_isr                                      ./libopencm3//lib/libopencm3_stm32f1.a(vector.o)
can2_sce_isr                                      ./libopencm3//lib/libopencm3_stm32f1.a(vector.o)
can2_tx_isr                                       ./libopencm3//lib/libopencm3_stm32f1.a(vector.o)
can_available_mailbox                             ./libopencm3//lib/libopencm3_stm32f1.a(can.o)
can_disable_irq                                   ./libopencm3//lib/libopencm3_stm32f1.a(can.o)
can_enable_irq                                    ./libopencm3//lib/libopencm3_stm32f1.a(can.o)
                                                  src/can.o
can_fifo_release                                  ./libopencm3//lib/libopencm3_stm32f1.a(can.o)
can_filter_id_list_16bit_init                     ./libopencm3//lib/libopencm3_stm32f1.a(can.o)
can_filter_id_list_32bit_init                     ./libopencm3//lib/libopencm3_stm32f1.a(can.o)
can_filter_id_mask_16bit_init                     ./libopencm3//lib/libopencm3_stm32f1.a(can.o)
                                                  src/can.o
can_filter_id_mask_32bit_init                     ./libopencm3//lib/libopencm3_stm32f1.a(can.o)
can_filter_init                                   ./libopencm3//lib/libopencm3_stm32f1.a(can.o)
can_init                                          ./libopencm3//lib/libopencm3_stm32f1.a(can.o)
                                                  src/can.o
can_receive                                       ./libopencm3//lib/libopencm3_stm32f1.a(can.o)
                                                  src/can.o
can_reset                                         ./libopencm3//lib/libopencm3_stm32f1.a(can.o)
                                                  src/can.o
can_rx0_isr()                                     src/can.o
can_rx1_isr                                       src/can.o
can_sce_isr                                       ./libopencm3//lib/libopencm3_stm32f1.a(vector.o)
can_transmit                                      ./libopencm3//lib/libopencm3_stm32f1.a(can.o)
                                                  src/can.o
cm3_assert_failed                                 ./libopencm3//lib/libopencm3_stm32f1.a(assert.o)
                                                  ./libopencm3//lib/libopencm3_stm32f1.a(rcc.o)
cm3_assert_failed_verbose                         ./libopencm3//lib/libopencm3_stm32f1.a(assert.o)
debug_monitor_handler                             ./libopencm3//lib/libopencm3_stm32f1.a(vector.o)
dma1_channel1_isr                                 ./libopencm3//lib/libopencm3_stm32f1.a(vector.o)
dma1_channel2_isr                                 ./libopencm3//lib/libopencm3_stm32f1.a(vector.o)
dma1_channel3_isr                                 ./libopencm3//lib/libopencm3_stm32f1.a(vector.o)
dma1_channel4_isr                                 ./libopencm3//lib/libopencm3_stm32f1.a(vector.o)
dma1_channel5_isr                                 ./libopencm3//lib/libopencm3_stm32f1.a(vector.o)
dma1_channel6_isr                                 ./libopencm3//lib/libopencm3_stm32f1.a(vector.o)
dma1_channel7_isr                                 ./libopencm3//lib/libopencm3_stm32f1.a(vector.o)
dma2_channel1_isr                                 ./libopencm3//lib/libopencm3_stm32f1.a(vector.o)
dma2_channel2_isr                                 ./libopencm3//lib/libopencm3_stm32f1.a(vector.o)
dma2_channel3_isr                                 ./libopencm3//lib/libopencm3_stm32f1.a(vector.o)
dma2_channel4_5_isr                               ./libopencm3//lib/libopencm3_stm32f1.a(vector.o)
dma2_channel5_isr                                 ./libopencm3//lib/libopencm3_stm32f1.a(vector.o)
eth_isr                                           ./libopencm3//lib/libopencm3_stm32f1.a(vector.o)
eth_wkup_isr                                      ./libopencm3//lib/libopencm3_stm32f1.a(vector.o)
exti0_isr                                         ./libopencm3//lib/libopencm3_stm32f1.a(vector.o)
exti15_10_isr                                     ./libopencm3//lib/libopencm3_stm32f1.a(vector.o)
exti1_isr                                         ./libopencm3//lib/libopencm3_stm32f1.a(vector.o)
exti2_isr                                         ./libopencm3//lib/libopencm3_stm32f1.a(vector.o)
exti3_isr                                         ./libopencm3//lib/libopencm3_stm32f1.a(vector.o)
exti4_isr                                         ./libopencm3//lib/libopencm3_stm32f1.a(vector.o)
exti9_5_isr                                       ./libopencm3//lib/libopencm3_stm32f1.a(vector.o)
fctprintf                                         ./printf/printf.o
flash_isr                                         ./libopencm3//lib/libopencm3_stm32f1.a(vector.o)
flash_prefetch_disable                            ./libopencm3//lib/libopencm3_stm32f1.a(flash_common_all.o)
flash_prefetch_enable                             ./libopencm3//lib/libopencm3_stm32f1.a(flash_common_all.o)
flash_set_ws                                      ./libopencm3//lib/libopencm3_stm32f1.a(flash_common_all.o)
                                                  ./libopencm3//lib/libopencm3_stm32f1.a(rcc.o)
flash_unlock_option_bytes                         ./libopencm3//lib/libopencm3_stm32f1.a(flash_common_all.o)
fsmc_isr                                          ./libopencm3//lib/libopencm3_stm32f1.a(vector.o)
gpio_clear                                        ./libopencm3//lib/libopencm3_stm32f1.a(gpio_common_all.o)
                                                  src/main.o
gpio_get                                          ./libopencm3//lib/libopencm3_stm32f1.a(gpio_common_all.o)
gpio_port_config_lock                             ./libopencm3//lib/libopencm3_stm32f1.a(gpio_common_all.o)
gpio_port_read                                    ./libopencm3//lib/libopencm3_stm32f1.a(gpio_common_all.o)
gpio_port_write                                   ./libopencm3//lib/libopencm3_stm32f1.a(gpio_common_all.o)
gpio_primary_remap                                ./libopencm3//lib/libopencm3_stm32f1.a(gpio.o)
                                                  src/can.o
gpio_secondary_remap                              ./libopencm3//lib/libopencm3_stm32f1.a(gpio.o)
gpio_set                                          ./libopencm3//lib/libopencm3_stm32f1.a(gpio_common_all.o)
                                                  src/can.o
                                                  src/main.o
gpio_set_eventout                                 ./libopencm3//lib/libopencm3_stm32f1.a(gpio.o)
gpio_set_mode                                     ./libopencm3//lib/libopencm3_stm32f1.a(gpio.o)
                                                  src/can.o
                                                  src/main.o
                                                  src/uart.o
gpio_toggle                                       ./libopencm3//lib/libopencm3_stm32f1.a(gpio_common_all.o)
hard_fault_handler                                ./libopencm3//lib/libopencm3_stm32f1.a(vector.o)
i2c1_er_isr                                       ./libopencm3//lib/libopencm3_stm32f1.a(vector.o)
i2c1_ev_isr                                       ./libopencm3//lib/libopencm3_stm32f1.a(vector.o)
i2c2_er_isr                                       ./libopencm3//lib/libopencm3_stm32f1.a(vector.o)
i2c2_ev_isr                                       ./libopencm3//lib/libopencm3_stm32f1.a(vector.o)
init()                                            src/main.o
loop()                                            src/main.o
main                                              src/main.o
                                                  ./libopencm3//lib/libopencm3_stm32f1.a(vector.o)
mem_manage_handler                                ./libopencm3//lib/libopencm3_stm32f1.a(vector.o)
memcpy                                            /usr/lib/gcc/arm-none-eabi/10.3.1/../../../arm-none-eabi/lib/thumb/v6-m/nofp/libc_nano.a(lib_a-memcpy-stub.o)
                                                  src/can.o
nmi_handler                                       ./libopencm3//lib/libopencm3_stm32f1.a(vector.o)
null_handler                                      ./libopencm3//lib/libopencm3_stm32f1.a(vector.o)
nvic_clear_pending_irq                            ./libopencm3//lib/libopencm3_stm32f1.a(nvic.o)
nvic_disable_irq                                  ./libopencm3//lib/libopencm3_stm32f1.a(nvic.o)
nvic_enable_irq                                   ./libopencm3//lib/libopencm3_stm32f1.a(nvic.o)
                                                  src/can.o
                                                  src/uart.o
nvic_generate_software_interrupt                  ./libopencm3//lib/libopencm3_stm32f1.a(nvic.o)
nvic_get_active_irq                               ./libopencm3//lib/libopencm3_stm32f1.a(nvic.o)
nvic_get_irq_enabled                              ./libopencm3//lib/libopencm3_stm32f1.a(nvic.o)
nvic_get_pending_irq                              ./libopencm3//lib/libopencm3_stm32f1.a(nvic.o)
nvic_set_pending_irq                              ./libopencm3//lib/libopencm3_stm32f1.a(nvic.o)
nvic_set_priority                                 ./libopencm3//lib/libopencm3_stm32f1.a(nvic.o)
                                                  src/can.o
otg_fs_isr                                        ./libopencm3//lib/libopencm3_stm32f1.a(vector.o)
pend_sv_handler                                   ./libopencm3//lib/libopencm3_stm32f1.a(vector.o)
printf_                                           ./printf/printf.o
                                                  src/can.o
                                                  src/main.o
pvd_isr                                           ./libopencm3//lib/libopencm3_stm32f1.a(vector.o)
rcc_ahb_frequency                                 ./libopencm3//lib/libopencm3_stm32f1.a(rcc.o)
rcc_apb1_frequency                                ./libopencm3//lib/libopencm3_stm32f1.a(rcc.o)
                                                  ./libopencm3//lib/libopencm3_stm32f1.a(usart_common_all.o)
rcc_apb2_frequency                                ./libopencm3//lib/libopencm3_stm32f1.a(rcc.o)
                                                  ./libopencm3//lib/libopencm3_stm32f1.a(usart_common_all.o)
rcc_backupdomain_reset                            ./libopencm3//lib/libopencm3_stm32f1.a(rcc.o)
rcc_clock_setup_in_hse_12mhz_out_72mhz            ./libopencm3//lib/libopencm3_stm32f1.a(rcc.o)
rcc_clock_setup_in_hse_16mhz_out_72mhz            ./libopencm3//lib/libopencm3_stm32f1.a(rcc.o)
rcc_clock_setup_in_hse_25mhz_out_72mhz            ./libopencm3//lib/libopencm3_stm32f1.a(rcc.o)
rcc_clock_setup_in_hse_8mhz_out_24mhz             ./libopencm3//lib/libopencm3_stm32f1.a(rcc.o)
rcc_clock_setup_in_hse_8mhz_out_72mhz             ./libopencm3//lib/libopencm3_stm32f1.a(rcc.o)
rcc_clock_setup_in_hsi_out_24mhz                  ./libopencm3//lib/libopencm3_stm32f1.a(rcc.o)
rcc_clock_setup_in_hsi_out_48mhz                  ./libopencm3//lib/libopencm3_stm32f1.a(rcc.o)
rcc_clock_setup_in_hsi_out_64mhz                  ./libopencm3//lib/libopencm3_stm32f1.a(rcc.o)
rcc_clock_setup_pll                               ./libopencm3//lib/libopencm3_stm32f1.a(rcc.o)
                                                  src/main.o
rcc_css_disable                                   ./libopencm3//lib/libopencm3_stm32f1.a(rcc.o)
rcc_css_enable                                    ./libopencm3//lib/libopencm3_stm32f1.a(rcc.o)
rcc_css_int_clear                                 ./libopencm3//lib/libopencm3_stm32f1.a(rcc.o)
rcc_css_int_flag                                  ./libopencm3//lib/libopencm3_stm32f1.a(rcc.o)
rcc_enable_rtc_clock                              ./libopencm3//lib/libopencm3_stm32f1.a(rcc.o)
rcc_get_div_from_hpre                             ./libopencm3//lib/libopencm3_stm32f1.a(rcc_common_all.o)
rcc_get_i2c_clk_freq                              ./libopencm3//lib/libopencm3_stm32f1.a(rcc.o)
rcc_get_timer_clk_freq                            ./libopencm3//lib/libopencm3_stm32f1.a(rcc.o)
rcc_get_usart_clk_freq                            ./libopencm3//lib/libopencm3_stm32f1.a(rcc.o)
rcc_hse_configs                                   ./libopencm3//lib/libopencm3_stm32f1.a(rcc.o)
rcc_hsi_configs                                   ./libopencm3//lib/libopencm3_stm32f1.a(rcc.o)
                                                  src/main.o
rcc_is_osc_ready                                  ./libopencm3//lib/libopencm3_stm32f1.a(rcc.o)
rcc_isr                                           ./libopencm3//lib/libopencm3_stm32f1.a(vector.o)
rcc_osc_bypass_disable                            ./libopencm3//lib/libopencm3_stm32f1.a(rcc_common_all.o)
rcc_osc_bypass_enable                             ./libopencm3//lib/libopencm3_stm32f1.a(rcc_common_all.o)
rcc_osc_off                                       ./libopencm3//lib/libopencm3_stm32f1.a(rcc.o)
rcc_osc_on                                        ./libopencm3//lib/libopencm3_stm32f1.a(rcc.o)
rcc_osc_ready_int_clear                           ./libopencm3//lib/libopencm3_stm32f1.a(rcc.o)
rcc_osc_ready_int_disable                         ./libopencm3//lib/libopencm3_stm32f1.a(rcc.o)
rcc_osc_ready_int_enable                          ./libopencm3//lib/libopencm3_stm32f1.a(rcc.o)
rcc_osc_ready_int_flag                            ./libopencm3//lib/libopencm3_stm32f1.a(rcc.o)
rcc_periph_clock_disable                          ./libopencm3//lib/libopencm3_stm32f1.a(rcc_common_all.o)
rcc_periph_clock_enable                           ./libopencm3//lib/libopencm3_stm32f1.a(rcc_common_all.o)
                                                  src/can.o
                                                  src/main.o
                                                  src/uart.o
rcc_periph_reset_hold                             ./libopencm3//lib/libopencm3_stm32f1.a(rcc_common_all.o)
rcc_periph_reset_pulse                            ./libopencm3//lib/libopencm3_stm32f1.a(rcc_common_all.o)
                                                  ./libopencm3//lib/libopencm3_stm32f1.a(can.o)
rcc_periph_reset_release                          ./libopencm3//lib/libopencm3_stm32f1.a(rcc_common_all.o)
rcc_peripheral_clear_reset                        ./libopencm3//lib/libopencm3_stm32f1.a(rcc_common_all.o)
rcc_peripheral_disable_clock                      ./libopencm3//lib/libopencm3_stm32f1.a(rcc_common_all.o)
rcc_peripheral_enable_clock                       ./libopencm3//lib/libopencm3_stm32f1.a(rcc_common_all.o)
rcc_peripheral_reset                              ./libopencm3//lib/libopencm3_stm32f1.a(rcc_common_all.o)
rcc_rtc_clock_enabled_flag                        ./libopencm3//lib/libopencm3_stm32f1.a(rcc.o)
rcc_set_adcpre                                    ./libopencm3//lib/libopencm3_stm32f1.a(rcc.o)
rcc_set_hpre                                      ./libopencm3//lib/libopencm3_stm32f1.a(rcc.o)
rcc_set_mco                                       ./libopencm3//lib/libopencm3_stm32f1.a(rcc_common_all.o)
rcc_set_pll2_multiplication_factor                ./libopencm3//lib/libopencm3_stm32f1.a(rcc.o)
rcc_set_pll3_multiplication_factor                ./libopencm3//lib/libopencm3_stm32f1.a(rcc.o)
rcc_set_pll_multiplication_factor                 ./libopencm3//lib/libopencm3_stm32f1.a(rcc.o)
rcc_set_pll_source                                ./libopencm3//lib/libopencm3_stm32f1.a(rcc.o)
rcc_set_pllxtpre                                  ./libopencm3//lib/libopencm3_stm32f1.a(rcc.o)
rcc_set_ppre1                                     ./libopencm3//lib/libopencm3_stm32f1.a(rcc.o)
rcc_set_ppre2                                     ./libopencm3//lib/libopencm3_stm32f1.a(rcc.o)
rcc_set_prediv1                                   ./libopencm3//lib/libopencm3_stm32f1.a(rcc.o)
rcc_set_prediv1_source                            ./libopencm3//lib/libopencm3_stm32f1.a(rcc.o)
rcc_set_prediv2                                   ./libopencm3//lib/libopencm3_stm32f1.a(rcc.o)
rcc_set_rtc_clock_source                          ./libopencm3//lib/libopencm3_stm32f1.a(rcc.o)
rcc_set_sysclk_source                             ./libopencm3//lib/libopencm3_stm32f1.a(rcc.o)
rcc_set_usbpre                                    ./libopencm3//lib/libopencm3_stm32f1.a(rcc.o)
rcc_system_clock_source                           ./libopencm3//lib/libopencm3_stm32f1.a(rcc.o)
rcc_wait_for_osc_ready                            ./libopencm3//lib/libopencm3_stm32f1.a(rcc.o)
reset_handler                                     ./libopencm3//lib/libopencm3_stm32f1.a(vector.o)
rtc_alarm_isr                                     ./libopencm3//lib/libopencm3_stm32f1.a(vector.o)
rtc_isr                                           ./libopencm3//lib/libopencm3_stm32f1.a(vector.o)
sdio_isr                                          ./libopencm3//lib/libopencm3_stm32f1.a(vector.o)
snprintf_                                         ./printf/printf.o
spi1_isr                                          ./libopencm3//lib/libopencm3_stm32f1.a(vector.o)
spi2_isr                                          ./libopencm3//lib/libopencm3_stm32f1.a(vector.o)
spi3_isr                                          ./libopencm3//lib/libopencm3_stm32f1.a(vector.o)
sprintf_                                          ./printf/printf.o
sv_call_handler                                   ./libopencm3//lib/libopencm3_stm32f1.a(vector.o)
sys_tick_handler                                  ./libopencm3//lib/libopencm3_stm32f1.a(vector.o)
tamper_isr                                        ./libopencm3//lib/libopencm3_stm32f1.a(vector.o)
tim1_brk_isr                                      ./libopencm3//lib/libopencm3_stm32f1.a(vector.o)
tim1_cc_isr                                       ./libopencm3//lib/libopencm3_stm32f1.a(vector.o)
tim1_trg_com_isr                                  ./libopencm3//lib/libopencm3_stm32f1.a(vector.o)
tim1_up_isr                                       ./libopencm3//lib/libopencm3_stm32f1.a(vector.o)
tim2_isr                                          ./libopencm3//lib/libopencm3_stm32f1.a(vector.o)
tim3_isr                                          ./libopencm3//lib/libopencm3_stm32f1.a(vector.o)
tim4_isr                                          ./libopencm3//lib/libopencm3_stm32f1.a(vector.o)
tim5_isr                                          ./libopencm3//lib/libopencm3_stm32f1.a(vector.o)
tim6_isr                                          ./libopencm3//lib/libopencm3_stm32f1.a(vector.o)
tim7_isr                                          ./libopencm3//lib/libopencm3_stm32f1.a(vector.o)
tim8_brk_isr                                      ./libopencm3//lib/libopencm3_stm32f1.a(vector.o)
tim8_cc_isr                                       ./libopencm3//lib/libopencm3_stm32f1.a(vector.o)
tim8_trg_com_isr                                  ./libopencm3//lib/libopencm3_stm32f1.a(vector.o)
tim8_up_isr                                       ./libopencm3//lib/libopencm3_stm32f1.a(vector.o)
uart4_isr                                         ./libopencm3//lib/libopencm3_stm32f1.a(vector.o)
uart5_isr                                         ./libopencm3//lib/libopencm3_stm32f1.a(vector.o)
usage_fault_handler                               ./libopencm3//lib/libopencm3_stm32f1.a(vector.o)
usart1_isr                                        ./libopencm3//lib/libopencm3_stm32f1.a(vector.o)
usart2_isr                                        src/uart.o
usart3_isr                                        ./libopencm3//lib/libopencm3_stm32f1.a(vector.o)
usart_disable                                     ./libopencm3//lib/libopencm3_stm32f1.a(usart_common_all.o)
usart_disable_error_interrupt                     ./libopencm3//lib/libopencm3_stm32f1.a(usart_common_all.o)
usart_disable_idle_interrupt                      ./libopencm3//lib/libopencm3_stm32f1.a(usart_common_all.o)
usart_disable_rx_dma                              ./libopencm3//lib/libopencm3_stm32f1.a(usart_common_all.o)
usart_disable_rx_interrupt                        ./libopencm3//lib/libopencm3_stm32f1.a(usart_common_all.o)
usart_disable_tx_complete_interrupt               ./libopencm3//lib/libopencm3_stm32f1.a(usart_common_all.o)
usart_disable_tx_dma                              ./libopencm3//lib/libopencm3_stm32f1.a(usart_common_all.o)
usart_disable_tx_interrupt                        ./libopencm3//lib/libopencm3_stm32f1.a(usart_common_all.o)
                                                  src/uart.o
usart_enable                                      ./libopencm3//lib/libopencm3_stm32f1.a(usart_common_all.o)
                                                  src/uart.o
usart_enable_error_interrupt                      ./libopencm3//lib/libopencm3_stm32f1.a(usart_common_all.o)
usart_enable_idle_interrupt                       ./libopencm3//lib/libopencm3_stm32f1.a(usart_common_all.o)
usart_enable_rx_dma                               ./libopencm3//lib/libopencm3_stm32f1.a(usart_common_all.o)
usart_enable_rx_interrupt                         ./libopencm3//lib/libopencm3_stm32f1.a(usart_common_all.o)
                                                  src/uart.o
usart_enable_tx_complete_interrupt                ./libopencm3//lib/libopencm3_stm32f1.a(usart_common_all.o)
usart_enable_tx_dma                               ./libopencm3//lib/libopencm3_stm32f1.a(usart_common_all.o)
usart_enable_tx_interrupt                         ./libopencm3//lib/libopencm3_stm32f1.a(usart_common_all.o)
                                                  src/uart.o
usart_get_flag                                    ./libopencm3//lib/libopencm3_stm32f1.a(usart_common_f124.o)
                                                  src/uart.o
usart_recv                                        ./libopencm3//lib/libopencm3_stm32f1.a(usart_common_f124.o)
                                                  ./libopencm3//lib/libopencm3_stm32f1.a(usart_common_all.o)
                                                  src/uart.o
usart_recv_blocking                               ./libopencm3//lib/libopencm3_stm32f1.a(usart_common_all.o)
usart_send                                        ./libopencm3//lib/libopencm3_stm32f1.a(usart_common_f124.o)
                                                  ./libopencm3//lib/libopencm3_stm32f1.a(usart_common_all.o)
                                                  src/uart.o
usart_send_blocking                               ./libopencm3//lib/libopencm3_stm32f1.a(usart_common_all.o)
usart_set_baudrate                                ./libopencm3//lib/libopencm3_stm32f1.a(usart_common_all.o)
                                                  src/uart.o
usart_set_databits                                ./libopencm3//lib/libopencm3_stm32f1.a(usart_common_all.o)
                                                  src/uart.o
usart_set_flow_control                            ./libopencm3//lib/libopencm3_stm32f1.a(usart_common_all.o)
                                                  src/uart.o
usart_set_mode                                    ./libopencm3//lib/libopencm3_stm32f1.a(usart_common_all.o)
                                                  src/uart.o
usart_set_parity                                  ./libopencm3//lib/libopencm3_stm32f1.a(usart_common_all.o)
                                                  src/uart.o
usart_set_stopbits                                ./libopencm3//lib/libopencm3_stm32f1.a(usart_common_all.o)
                                                  src/uart.o
usart_wait_recv_ready                             ./libopencm3//lib/libopencm3_stm32f1.a(usart_common_f124.o)
                                                  ./libopencm3//lib/libopencm3_stm32f1.a(usart_common_all.o)
usart_wait_send_ready                             ./libopencm3//lib/libopencm3_stm32f1.a(usart_common_f124.o)
                                                  ./libopencm3//lib/libopencm3_stm32f1.a(usart_common_all.o)
usb_hp_can_tx_isr                                 ./libopencm3//lib/libopencm3_stm32f1.a(vector.o)
usb_lp_can_rx0_isr                                src/can.o
usb_wakeup_isr                                    ./libopencm3//lib/libopencm3_stm32f1.a(vector.o)
vector_table                                      ./libopencm3//lib/libopencm3_stm32f1.a(vector.o)
vsnprintf_                                        ./printf/printf.o
wwdg_isr                                          ./libopencm3//lib/libopencm3_stm32f1.a(vector.o)
